Component: ARM Compiler 5.06 update 7 (build 960) Tool: armlink [4d3601]

==============================================================================

Section Cross References

    startup_stm32f407xx.o(STACK) refers (Special) to heapauxi.o(.text) for __use_two_region_memory
    startup_stm32f407xx.o(HEAP) refers (Special) to heapauxi.o(.text) for __use_two_region_memory
    startup_stm32f407xx.o(RESET) refers (Special) to heapauxi.o(.text) for __use_two_region_memory
    startup_stm32f407xx.o(RESET) refers to startup_stm32f407xx.o(STACK) for __initial_sp
    startup_stm32f407xx.o(RESET) refers to startup_stm32f407xx.o(.text) for Reset_Handler
    startup_stm32f407xx.o(RESET) refers to stm32f4xx_it.o(i.NMI_Handler) for NMI_Handler
    startup_stm32f407xx.o(RESET) refers to stm32f4xx_it.o(i.HardFault_Handler) for HardFault_Handler
    startup_stm32f407xx.o(RESET) refers to stm32f4xx_it.o(i.MemManage_Handler) for MemManage_Handler
    startup_stm32f407xx.o(RESET) refers to stm32f4xx_it.o(i.BusFault_Handler) for BusFault_Handler
    startup_stm32f407xx.o(RESET) refers to stm32f4xx_it.o(i.UsageFault_Handler) for UsageFault_Handler
    startup_stm32f407xx.o(RESET) refers to stm32f4xx_it.o(i.SVC_Handler) for SVC_Handler
    startup_stm32f407xx.o(RESET) refers to stm32f4xx_it.o(i.DebugMon_Handler) for DebugMon_Handler
    startup_stm32f407xx.o(RESET) refers to stm32f4xx_it.o(i.PendSV_Handler) for PendSV_Handler
    startup_stm32f407xx.o(RESET) refers to stm32f4xx_it.o(i.SysTick_Handler) for SysTick_Handler
    startup_stm32f407xx.o(RESET) refers to stm32f4xx_it.o(i.EXTI0_IRQHandler) for EXTI0_IRQHandler
    startup_stm32f407xx.o(RESET) refers to stm32f4xx_it.o(i.EXTI3_IRQHandler) for EXTI3_IRQHandler
    startup_stm32f407xx.o(RESET) refers to stm32f4xx_it.o(i.EXTI4_IRQHandler) for EXTI4_IRQHandler
    startup_stm32f407xx.o(RESET) refers to stm32f4xx_it.o(i.CAN1_RX0_IRQHandler) for CAN1_RX0_IRQHandler
    startup_stm32f407xx.o(RESET) refers to stm32f4xx_it.o(i.EXTI9_5_IRQHandler) for EXTI9_5_IRQHandler
    startup_stm32f407xx.o(RESET) refers to stm32f4xx_it.o(i.TIM1_UP_TIM10_IRQHandler) for TIM1_UP_TIM10_IRQHandler
    startup_stm32f407xx.o(RESET) refers to stm32f4xx_it.o(i.TIM8_UP_TIM13_IRQHandler) for TIM8_UP_TIM13_IRQHandler
    startup_stm32f407xx.o(RESET) refers to ins_task.o(i.DMA2_Stream2_IRQHandler) for DMA2_Stream2_IRQHandler
    startup_stm32f407xx.o(RESET) refers to stm32f4xx_it.o(i.CAN2_RX0_IRQHandler) for CAN2_RX0_IRQHandler
    startup_stm32f407xx.o(.text) refers (Special) to heapauxi.o(.text) for __use_two_region_memory
    startup_stm32f407xx.o(.text) refers to system_stm32f4xx.o(i.SystemInit) for SystemInit
    startup_stm32f407xx.o(.text) refers to __main.o(!!!main) for __main
    startup_stm32f407xx.o(.text) refers to startup_stm32f407xx.o(HEAP) for Heap_Mem
    startup_stm32f407xx.o(.text) refers to startup_stm32f407xx.o(STACK) for Stack_Mem
    main.o(i.SystemClock_Config) refers to rt_memclr_w.o(.text) for __aeabi_memclr4
    main.o(i.SystemClock_Config) refers to stm32f4xx_hal_rcc.o(i.HAL_RCC_OscConfig) for HAL_RCC_OscConfig
    main.o(i.SystemClock_Config) refers to main.o(i.Error_Handler) for Error_Handler
    main.o(i.SystemClock_Config) refers to stm32f4xx_hal_rcc.o(i.HAL_RCC_ClockConfig) for HAL_RCC_ClockConfig
    main.o(i.main) refers to stm32f4xx_hal.o(i.HAL_Init) for HAL_Init
    main.o(i.main) refers to main.o(i.SystemClock_Config) for SystemClock_Config
    main.o(i.main) refers to gpio.o(i.MX_GPIO_Init) for MX_GPIO_Init
    main.o(i.main) refers to dma.o(i.MX_DMA_Init) for MX_DMA_Init
    main.o(i.main) refers to spi.o(i.MX_SPI1_Init) for MX_SPI1_Init
    main.o(i.main) refers to tim.o(i.MX_TIM5_Init) for MX_TIM5_Init
    main.o(i.main) refers to i2c.o(i.MX_I2C3_Init) for MX_I2C3_Init
    main.o(i.main) refers to tim.o(i.MX_TIM10_Init) for MX_TIM10_Init
    main.o(i.main) refers to can.o(i.MX_CAN1_Init) for MX_CAN1_Init
    main.o(i.main) refers to can.o(i.MX_CAN2_Init) for MX_CAN2_Init
    main.o(i.main) refers to tim.o(i.MX_TIM1_Init) for MX_TIM1_Init
    main.o(i.main) refers to tim.o(i.MX_TIM8_Init) for MX_TIM8_Init
    main.o(i.main) refers to bsp_delay.o(i.delay_init) for delay_init
    main.o(i.main) refers to bsp_can.o(i.can_filter_init) for can_filter_init
    main.o(i.main) refers to stm32f4xx_hal_tim.o(i.HAL_TIM_Base_Start) for HAL_TIM_Base_Start
    main.o(i.main) refers to ins_task.o(i.INS_INIT) for INS_INIT
    main.o(i.main) refers to stm32f4xx_hal.o(i.HAL_Delay) for HAL_Delay
    main.o(i.main) refers to stm32f4xx_hal_tim.o(i.HAL_TIM_Base_Start_IT) for HAL_TIM_Base_Start_IT
    main.o(i.main) refers to chassis_tast.o(i.chassis_init) for chassis_init
    main.o(i.main) refers to chassis_tast.o(i.chassis_feedback_update) for chassis_feedback_update
    main.o(i.main) refers to ins_task.o(i.INS_Calcu) for INS_Calcu
    main.o(i.main) refers to chassis_tast.o(i.chassis_task) for chassis_task
    main.o(i.main) refers to tim.o(.bss) for htim1
[...]
    __rt_lib_shutdown_fp_trap_1              0x08000207   Thumb Code     0  libshutdown2.o(.ARM.Collect$$libshutdown$$00000009)
    __rt_lib_shutdown_heap_1                 0x08000207   Thumb Code     0  libshutdown2.o(.ARM.Collect$$libshutdown$$00000011)
    __rt_lib_shutdown_return                 0x08000207   Thumb Code     0  libshutdown2.o(.ARM.Collect$$libshutdown$$00000012)
    __rt_lib_shutdown_signal_1               0x08000207   Thumb Code     0  libshutdown2.o(.ARM.Collect$$libshutdown$$0000000C)
    __rt_lib_shutdown_stdio_1                0x08000207   Thumb Code     0  libshutdown2.o(.ARM.Collect$$libshutdown$$00000006)
    __rt_lib_shutdown_user_alloc_1           0x08000207   Thumb Code     0  libshutdown2.o(.ARM.Collect$$libshutdown$$0000000E)
    __rt_entry                               0x08000209   Thumb Code     0  __rtentry.o(.ARM.Collect$$rtentry$$00000000)
    __rt_entry_presh_1                       0x08000209   Thumb Code     0  __rtentry2.o(.ARM.Collect$$rtentry$$00000002)
    __rt_entry_sh                            0x08000209   Thumb Code     0  __rtentry4.o(.ARM.Collect$$rtentry$$00000004)
    __rt_entry_li                            0x0800020f   Thumb Code     0  __rtentry2.o(.ARM.Collect$$rtentry$$0000000A)
    __rt_entry_postsh_1                      0x0800020f   Thumb Code     0  __rtentry2.o(.ARM.Collect$$rtentry$$00000009)
    __rt_entry_main                          0x08000213   Thumb Code     0  __rtentry2.o(.ARM.Collect$$rtentry$$0000000D)
    __rt_entry_postli_1                      0x08000213   Thumb Code     0  __rtentry2.o(.ARM.Collect$$rtentry$$0000000C)
    __rt_exit                                0x0800021b   Thumb Code     0  rtexit.o(.ARM.Collect$$rtexit$$00000000)
    __rt_exit_ls                             0x0800021d   Thumb Code     0  rtexit2.o(.ARM.Collect$$rtexit$$00000003)
    __rt_exit_prels_1                        0x0800021d   Thumb Code     0  rtexit2.o(.ARM.Collect$$rtexit$$00000002)
    __rt_exit_exit                           0x08000221   Thumb Code     0  rtexit2.o(.ARM.Collect$$rtexit$$00000004)
    Reset_Handler                            0x08000229   Thumb Code     8  startup_stm32f407xx.o(.text)
    ADC_IRQHandler                           0x08000243   Thumb Code     0  startup_stm32f407xx.o(.text)
    CAN1_RX1_IRQHandler                      0x08000243   Thumb Code     0  startup_stm32f407xx.o(.text)
    CAN1_SCE_IRQHandler                      0x08000243   Thumb Code     0  startup_stm32f407xx.o(.text)
    CAN1_TX_IRQHandler                       0x08000243   Thumb Code     0  startup_stm32f407xx.o(.text)
    CAN2_RX1_IRQHandler                      0x08000243   Thumb Code     0  startup_stm32f407xx.o(.text)
    CAN2_SCE_IRQHandler                      0x08000243   Thumb Code     0  startup_stm32f407xx.o(.text)
    CAN2_TX_IRQHandler                       0x08000243   Thumb Code     0  startup_stm32f407xx.o(.text)
    DCMI_IRQHandler                          0x08000243   Thumb Code     0  startup_stm32f407xx.o(.text)
    DMA1_Stream0_IRQHandler                  0x08000243   Thumb Code     0  startup_stm32f407xx.o(.text)
    DMA1_Stream1_IRQHandler                  0x08000243   Thumb Code     0  startup_stm32f407xx.o(.text)
    DMA1_Stream2_IRQHandler                  0x08000243   Thumb Code     0  startup_stm32f407xx.o(.text)
    DMA1_Stream3_IRQHandler                  0x08000243   Thumb Code     0  startup_stm32f407xx.o(.text)
    DMA1_Stream4_IRQHandler                  0x08000243   Thumb Code     0  startup_stm32f407xx.o(.text)
    DMA1_Stream5_IRQHandler                  0x08000243   Thumb Code     0  startup_stm32f407xx.o(.text)
    DMA1_Stream6_IRQHandler                  0x08000243   Thumb Code     0  startup_stm32f407xx.o(.text)
    DMA1_Stream7_IRQHandler                  0x08000243   Thumb Code     0  startup_stm32f407xx.o(.text)
    DMA2_Stream0_IRQHandler                  0x08000243   Thumb Code     0  startup_stm32f407xx.o(.text)
    DMA2_Stream1_IRQHandler                  0x08000243   Thumb Code     0  startup_stm32f407xx.o(.text)
    DMA2_Stream3_IRQHandler                  0x08000243   Thumb Code     0  startup_stm32f407xx.o(.text)
    DMA2_Stream4_IRQHandler                  0x08000243   Thumb Code     0  startup_stm32f407xx.o(.text)
    DMA2_Stream5_IRQHandler                  0x08000243   Thumb Code     0  startup_stm32f407xx.o(.text)
    DMA2_Stream6_IRQHandler                  0x08000243   Thumb Code     0  startup_stm32f407xx.o(.text)
    DMA2_Stream7_IRQHandler                  0x08000243   Thumb Code     0  startup_stm32f407xx.o(.text)
    ETH_IRQHandler                           0x08000243   Thumb Code     0  startup_stm32f407xx.o(.text)
    ETH_WKUP_IRQHandler                      0x08000243   Thumb Code     0  startup_stm32f407xx.o(.text)
    EXTI15_10_IRQHandler                     0x08000243   Thumb Code     0  startup_stm32f407xx.o(.text)
    EXTI1_IRQHandler                         0x08000243   Thumb Code     0  startup_stm32f407xx.o(.text)
    EXTI2_IRQHandler                         0x08000243   Thumb Code     0  startup_stm32f407xx.o(.text)
    FLASH_IRQHandler                         0x08000243   Thumb Code     0  startup_stm32f407xx.o(.text)
    FMC_IRQHandler                           0x08000243   Thumb Code     0  startup_stm32f407xx.o(.text)
    FPU_IRQHandler                           0x08000243   Thumb Code     0  startup_stm32f407xx.o(.text)
    HASH_RNG_IRQHandler                      0x08000243   Thumb Code     0  startup_stm32f407xx.o(.text)
    I2C1_ER_IRQHandler                       0x08000243   Thumb Code     0  startup_stm32f407xx.o(.text)
    I2C1_EV_IRQHandler                       0x08000243   Thumb Code     0  startup_stm32f407xx.o(.text)
    I2C2_ER_IRQHandler                       0x08000243   Thumb Code     0  startup_stm32f407xx.o(.text)
    I2C2_EV_IRQHandler                       0x08000243   Thumb Code     0  startup_stm32f407xx.o(.text)
    I2C3_ER_IRQHandler                       0x08000243   Thumb Code     0  startup_stm32f407xx.o(.text)
    I2C3_EV_IRQHandler                       0x08000243   Thumb Code     0  startup_stm32f407xx.o(.text)
    OTG_FS_IRQHandler                        0x08000243   Thumb Code     0  startup_stm32f407xx.o(.text)
    OTG_FS_WKUP_IRQHandler                   0x08000243   Thumb Code     0  startup_stm32f407xx.o(.text)
    OTG_HS_EP1_IN_IRQHandler                 0x08000243   Thumb Code     0  startup_stm32f407xx.o(.text)
    OTG_HS_EP1_OUT_IRQHandler                0x08000243   Thumb Code     0  startup_stm32f407xx.o(.text)
    OTG_HS_IRQHandler                        0x08000243   Thumb Code     0  startup_stm32f407xx.o(.text)
    OTG_HS_WKUP_IRQHandler                   0x08000243   Thumb Code     0  startup_stm32f407xx.o(.text)
    PVD_IRQHandler                           0x08000243   Thumb Code     0  startup_stm32f407xx.o(.text)
    RCC_IRQHandler                           0x08000243   Thumb Code     0  startup_stm32f407xx.o(.text)
    RTC_Alarm_IRQHandler                     0x08000243   Thumb Code     0  startup_stm32f407xx.o(.text)
    RTC_WKUP_IRQHandler                      0x08000243   Thumb Code     0  startup_stm32f407xx.o(.text)
    SDIO_IRQHandler                          0x08000243   Thumb Code     0  startup_stm32f407xx.o(.text)
    SPI1_IRQHandler                          0x08000243   Thumb Code     0  startup_stm32f407xx.o(.text)
    SPI2_IRQHandler                          0x08000243   Thumb Code     0  startup_stm32f407xx.o(.text)
    SPI3_IRQHandler                          0x08000243   Thumb Code     0  startup_stm32f407xx.o(.text)
    TAMP_STAMP_IRQHandler                    0x08000243   Thumb Code     0  startup_stm32f407xx.o(.text)
    TIM1_BRK_TIM9_IRQHandler                 0x08000243   Thumb Code     0  startup_stm32f407xx.o(.text)
    TIM1_CC_IRQHandler                       0x08000243   Thumb Code     0  startup_stm32f407xx.o(.text)
    TIM1_TRG_COM_TIM11_IRQHandler            0x08000243   Thumb Code     0  startup_stm32f407xx.o(.text)
    TIM2_IRQHandler                          0x08000243   Thumb Code     0  startup_stm32f407xx.o(.text)
    TIM3_IRQHandler                          0x08000243   Thumb Code     0  startup_stm32f407xx.o(.text)
    TIM4_IRQHandler                          0x08000243   Thumb Code     0  startup_stm32f407xx.o(.text)
    TIM5_IRQHandler                          0x08000243   Thumb Code     0  startup_stm32f407xx.o(.text)
    TIM6_DAC_IRQHandler                      0x08000243   Thumb Code     0  startup_stm32f407xx.o(.text)
    TIM7_IRQHandler                          0x08000243   Thumb Code     0  startup_stm32f407xx.o(.text)
    TIM8_BRK_TIM12_IRQHandler                0x08000243   Thumb Code     0  startup_stm32f407xx.o(.text)
    TIM8_CC_IRQHandler                       0x08000243   Thumb Code     0  startup_stm32f407xx.o(.text)
    TIM8_TRG_COM_TIM14_IRQHandler            0x08000243   Thumb Code     0  startup_stm32f407xx.o(.text)
    UART4_IRQHandler                         0x08000243   Thumb Code     0  startup_stm32f407xx.o(.text)
    UART5_IRQHandler                         0x08000243   Thumb Code     0  startup_stm32f407xx.o(.text)
    USART1_IRQHandler                        0x08000243   Thumb Code     0  startup_stm32f407xx.o(.text)
    USART2_IRQHandler                        0x08000243   Thumb Code     0  startup_stm32f407xx.o(.text)
    USART3_IRQHandler                        0x08000243   Thumb Code     0  startup_stm32f407xx.o(.text)
    USART6_IRQHandler                        0x08000243   Thumb Code     0  startup_stm32f407xx.o(.text)
    WWDG_IRQHandler                          0x08000243   Thumb Code     0  startup_stm32f407xx.o(.text)
    __user_initial_stackheap                 0x08000245   Thumb Code     0  startup_stm32f407xx.o(.text)
    arm_cos_f32                              0x08000269   Thumb Code   108  arm_cos_f32.o(.text)
    arm_sin_f32                              0x080002e1   Thumb Code   104  arm_sin_f32.o(.text)
    __aeabi_uldivmod                         0x08000355   Thumb Code     0  lludivv7m.o(.text)
    _ll_udiv                                 0x08000355   Thumb Code   238  lludivv7m.o(.text)
    __aeabi_memclr4                          0x08000443   Thumb Code     0  rt_memclr_w.o(.text)
    __aeabi_memclr8                          0x08000443   Thumb Code     0  rt_memclr_w.o(.text)
    __rt_memclr_w                            0x08000443   Thumb Code    78  rt_memclr_w.o(.text)
    _memset_w                                0x08000447   Thumb Code     0  rt_memclr_w.o(.text)
    __use_two_region_memory                  0x08000491   Thumb Code     2  heapauxi.o(.text)
    __rt_heap_escrow$2region                 0x08000493   Thumb Code     2  heapauxi.o(.text)
    __rt_heap_expand$2region                 0x08000495   Thumb Code     2  heapauxi.o(.text)
    __read_errno                             0x08000497   Thumb Code    10  _rserrno.o(.text)
    __set_errno                              0x080004a1   Thumb Code    12  _rserrno.o(.text)
    __aeabi_errno_addr                       0x080004ad   Thumb Code     8  rt_errno_addr_intlibspace.o(.text)
    __errno$intlibspace                      0x080004ad   Thumb Code     0  rt_errno_addr_intlibspace.o(.text)
    __rt_errno_addr$intlibspace              0x080004ad   Thumb Code     0  rt_errno_addr_intlibspace.o(.text)
    _fp_trap                                 0x080004b5   Thumb Code    44  _fptrap.o(.text)
    __user_libspace                          0x080004e5   Thumb Code     8  libspace.o(.text)
    __user_perproc_libspace                  0x080004e5   Thumb Code     0  libspace.o(.text)
    __user_perthread_libspace                0x080004e5   Thumb Code     0  libspace.o(.text)
    __user_setup_stackheap                   0x080004ed   Thumb Code    74  sys_stackheap_outer.o(.text)
    exit                                     0x08000537   Thumb Code    18  exit.o(.text)
    __rt_SIGFPE                              0x08000549   Thumb Code    14  defsig_fpe_outer.o(.text)
    __sig_exit                               0x08000557   Thumb Code    10  defsig_exit.o(.text)
    __rt_SIGFPE_inner                        0x08000561   Thumb Code    62  defsig_fpe_inner.o(.text)
    _sys_exit                                0x0800060d   Thumb Code     8  sys_exit.o(.text)
    __default_signal_display                 0x08000619   Thumb Code    50  defsig_general.o(.text)
    _ttywrch                                 0x0800064b   Thumb Code    14  sys_wrch.o(.text)
    __I$use$semihosting                      0x08000659   Thumb Code     0  use_no_semi.o(.text)
    __use_no_semihosting_swi                 0x08000659   Thumb Code     2  use_no_semi.o(.text)
    AHRS_asinf                               0x0800065b   Thumb Code    24  ahrs_middleware.o(i.AHRS_asinf)
    __semihosting_library_function           0x0800065b   Thumb Code     0  indicate_semi.o(.text)
    AHRS_atan2f                              0x08000673   Thumb Code    32  ahrs_middleware.o(i.AHRS_atan2f)
    AHRS_cosf                                0x08000693   Thumb Code    24  ahrs_middleware.o(i.AHRS_cosf)
    AHRS_get_height                          0x080006c5   Thumb Code    12  ahrs_middleware.o(i.AHRS_get_height)
    AHRS_get_latitude                        0x080006d5   Thumb Code    12  ahrs_middleware.o(i.AHRS_get_latitude)
    AHRS_init                                0x080006e1   Thumb Code   626  ahrs.o(i.AHRS_init)
    AHRS_invSqrt                             0x0800097d   Thumb Code    36  ahrs_middleware.o(i.AHRS_invSqrt)
    AHRS_sinf                                0x080009a1   Thumb Code    24  ahrs_middleware.o(i.AHRS_sinf)
    AHRS_update                              0x080009b9   Thumb Code   314  ahrs.o(i.AHRS_update)
    BMI088_ACCEL_NS_H                        0x08000af5   Thumb Code    14  bmi088middleware.o(i.BMI088_ACCEL_NS_H)
    BMI088_ACCEL_NS_L                        0x08000b09   Thumb Code    14  bmi088middleware.o(i.BMI088_ACCEL_NS_L)
    BMI088_GPIO_init                         0x08000b1d   Thumb Code     2  bmi088middleware.o(i.BMI088_GPIO_init)
    BMI088_GYRO_NS_H                         0x08000b21   Thumb Code    14  bmi088middleware.o(i.BMI088_GYRO_NS_H)
    BMI088_GYRO_NS_L                         0x08000b35   Thumb Code    14  bmi088middleware.o(i.BMI088_GYRO_NS_L)
    BMI088_accel_read_over                   0x08000b49   Thumb Code   134  bmi088driver.o(i.BMI088_accel_read_over)
    BMI088_com_init                          0x08000bd9   Thumb Code     2  bmi088middleware.o(i.BMI088_com_init)
    BMI088_delay_ms                          0x08000bdb   Thumb Code    12  bmi088middleware.o(i.BMI088_delay_ms)
    BMI088_delay_us                          0x08000be7   Thumb Code    12  bmi088middleware.o(i.BMI088_delay_us)
    BMI088_gyro_read_over                    0x08000bf5   Thumb Code    98  bmi088driver.o(i.BMI088_gyro_read_over)
    BMI088_init                              0x08000c5d   Thumb Code    52  bmi088driver.o(i.BMI088_init)
    BMI088_read                              0x08000c91   Thumb Code   372  bmi088driver.o(i.BMI088_read)
    BMI088_read_write_byte                   0x08000e4d   Thumb Code    28  bmi088middleware.o(i.BMI088_read_write_byte)
    BMI088_temperature_read_over             0x08000e6d   Thumb Code    52  bmi088driver.o(i.BMI088_temperature_read_over)
    BusFault_Handler                         0x08000eb5   Thumb Code     4  stm32f4xx_it.o(i.BusFault_Handler)
    CAN1_RX0_IRQHandler                      0x08000eb9   Thumb Code    10  stm32f4xx_it.o(i.CAN1_RX0_IRQHandler)
    CAN2_RX0_IRQHandler                      0x08000ec9   Thumb Code    10  stm32f4xx_it.o(i.CAN2_RX0_IRQHandler)
    CAN_mp9025_cmd_chassis_Torque_control_1  0x08000ed9   Thumb Code    62  can_receive.o(i.CAN_mp9025_cmd_chassis_Torque_control_1)
    CAN_mp9025_read_motor_error              0x08000f25   Thumb Code    56  can_receive.o(i.CAN_mp9025_read_motor_error)
    CAN_mp9025_read_motor_error1             0x08000f69   Thumb Code    56  can_receive.o(i.CAN_mp9025_read_motor_error1)
    Chassis_motor_current_limiting           0x08000fad   Thumb Code   114  chassis_tast.o(i.Chassis_motor_current_limiting)
    DMA2_Stream2_IRQHandler                  0x0800102d   Thumb Code  2182  ins_task.o(i.DMA2_Stream2_IRQHandler)
    DebugMon_Handler                         0x08001977   Thumb Code     2  stm32f4xx_it.o(i.DebugMon_Handler)
    EXTI0_IRQHandler                         0x08001979   Thumb Code    10  stm32f4xx_it.o(i.EXTI0_IRQHandler)
    EXTI3_IRQHandler                         0x08001983   Thumb Code    10  stm32f4xx_it.o(i.EXTI3_IRQHandler)
    EXTI4_IRQHandler                         0x0800198d   Thumb Code    10  stm32f4xx_it.o(i.EXTI4_IRQHandler)
    EXTI9_5_IRQHandler                       0x08001997   Thumb Code    10  stm32f4xx_it.o(i.EXTI9_5_IRQHandler)
    Error_Handler                            0x080019a1   Thumb Code     6  main.o(i.Error_Handler)
    HAL_CAN_ActivateNotification             0x080019a7   Thumb Code    36  stm32f4xx_hal_can.o(i.HAL_CAN_ActivateNotification)
    HAL_CAN_AddTxMessage                     0x080019cb   Thumb Code   260  stm32f4xx_hal_can.o(i.HAL_CAN_AddTxMessage)
    HAL_CAN_ConfigFilter                     0x08001ad1   Thumb Code   290  stm32f4xx_hal_can.o(i.HAL_CAN_ConfigFilter)
    HAL_CAN_ErrorCallback                    0x08001bf9   Thumb Code     2  stm32f4xx_hal_can.o(i.HAL_CAN_ErrorCallback)
    HAL_CAN_GetRxMessage                     0x08001bfb   Thumb Code   364  stm32f4xx_hal_can.o(i.HAL_CAN_GetRxMessage)
    HAL_CAN_IRQHandler                       0x08001d67   Thumb Code   564  stm32f4xx_hal_can.o(i.HAL_CAN_IRQHandler)
    HAL_CAN_Init                             0x08001f9b   Thumb Code   360  stm32f4xx_hal_can.o(i.HAL_CAN_Init)
    HAL_CAN_MspInit                          0x08002105   Thumb Code   328  can.o(i.HAL_CAN_MspInit)
    HAL_CAN_RxFifo0FullCallback              0x08002265   Thumb Code     2  stm32f4xx_hal_can.o(i.HAL_CAN_RxFifo0FullCallback)
    HAL_CAN_RxFifo0MsgPendingCallback        0x08002269   Thumb Code   566  can_receive.o(i.HAL_CAN_RxFifo0MsgPendingCallback)
    HAL_CAN_RxFifo1FullCallback              0x080024c5   Thumb Code     2  stm32f4xx_hal_can.o(i.HAL_CAN_RxFifo1FullCallback)
    HAL_CAN_RxFifo1MsgPendingCallback        0x080024c7   Thumb Code     2  stm32f4xx_hal_can.o(i.HAL_CAN_RxFifo1MsgPendingCallback)
    HAL_CAN_SleepCallback                    0x080024c9   Thumb Code     2  stm32f4xx_hal_can.o(i.HAL_CAN_SleepCallback)
    HAL_CAN_Start                            0x080024cb   Thumb Code   100  stm32f4xx_hal_can.o(i.HAL_CAN_Start)
    HAL_CAN_TxMailbox0AbortCallback          0x0800252f   Thumb Code     2  stm32f4xx_hal_can.o(i.HAL_CAN_TxMailbox0AbortCallback)
    HAL_CAN_TxMailbox0CompleteCallback       0x08002531   Thumb Code     2  stm32f4xx_hal_can.o(i.HAL_CAN_TxMailbox0CompleteCallback)
    HAL_CAN_TxMailbox1AbortCallback          0x08002533   Thumb Code     2  stm32f4xx_hal_can.o(i.HAL_CAN_TxMailbox1AbortCallback)
    HAL_CAN_TxMailbox1CompleteCallback       0x08002535   Thumb Code     2  stm32f4xx_hal_can.o(i.HAL_CAN_TxMailbox1CompleteCallback)
    HAL_CAN_TxMailbox2AbortCallback          0x08002537   Thumb Code     2  stm32f4xx_hal_can.o(i.HAL_CAN_TxMailbox2AbortCallback)
    HAL_CAN_TxMailbox2CompleteCallback       0x08002539   Thumb Code     2  stm32f4xx_hal_can.o(i.HAL_CAN_TxMailbox2CompleteCallback)
    HAL_CAN_WakeUpFromRxMsgCallback          0x0800253b   Thumb Code     2  stm32f4xx_hal_can.o(i.HAL_CAN_WakeUpFromRxMsgCallback)
    HAL_DMA_Init                             0x0800253d   Thumb Code   230  stm32f4xx_hal_dma.o(i.HAL_DMA_Init)
    HAL_Delay                                0x08002629   Thumb Code    34  stm32f4xx_hal.o(i.HAL_Delay)
    HAL_GPIO_EXTI_Callback                   0x08002651   Thumb Code   140  ins_task.o(i.HAL_GPIO_EXTI_Callback)
    HAL_GPIO_EXTI_IRQHandler                 0x080026f9   Thumb Code    18  stm32f4xx_hal_gpio.o(i.HAL_GPIO_EXTI_IRQHandler)
    HAL_GPIO_Init                            0x08002711   Thumb Code   538  stm32f4xx_hal_gpio.o(i.HAL_GPIO_Init)
    HAL_GPIO_WritePin                        0x08002941   Thumb Code    14  stm32f4xx_hal_gpio.o(i.HAL_GPIO_WritePin)
    HAL_GetTick                              0x08002951   Thumb Code     6  stm32f4xx_hal.o(i.HAL_GetTick)
    HAL_I2C_Init                             0x0800295d   Thumb Code   410  stm32f4xx_hal_i2c.o(i.HAL_I2C_Init)
    HAL_I2C_Mem_Read                         0x08002b09   Thumb Code   692  stm32f4xx_hal_i2c.o(i.HAL_I2C_Mem_Read)
    HAL_I2C_Mem_Write                        0x08002dc9   Thumb Code   362  stm32f4xx_hal_i2c.o(i.HAL_I2C_Mem_Write)
    HAL_I2C_MspInit                          0x08002f3d   Thumb Code   182  i2c.o(i.HAL_I2C_MspInit)
    HAL_IncTick                              0x08003005   Thumb Code    12  stm32f4xx_hal.o(i.HAL_IncTick)
    HAL_Init                                 0x08003015   Thumb Code    48  stm32f4xx_hal.o(i.HAL_Init)
    HAL_InitTick                             0x08003049   Thumb Code    58  stm32f4xx_hal.o(i.HAL_InitTick)
    HAL_MspInit                              0x0800308d   Thumb Code    68  stm32f4xx_hal_msp.o(i.HAL_MspInit)
    HAL_NVIC_EnableIRQ                       0x080030d5   Thumb Code    28  stm32f4xx_hal_cortex.o(i.HAL_NVIC_EnableIRQ)
    HAL_NVIC_SetPriority                     0x080030f1   Thumb Code    98  stm32f4xx_hal_cortex.o(i.HAL_NVIC_SetPriority)
    HAL_NVIC_SetPriorityGrouping             0x08003159   Thumb Code    30  stm32f4xx_hal_cortex.o(i.HAL_NVIC_SetPriorityGrouping)
    HAL_NVIC_SystemReset                     0x0800317d   Thumb Code    26  stm32f4xx_hal_cortex.o(i.HAL_NVIC_SystemReset)
    HAL_RCC_ClockConfig                      0x080031a1   Thumb Code   354  stm32f4xx_hal_rcc.o(i.HAL_RCC_ClockConfig)
    HAL_RCC_GetHCLKFreq                      0x0800331d   Thumb Code     6  stm32f4xx_hal_rcc.o(i.HAL_RCC_GetHCLKFreq)
    HAL_RCC_GetPCLK1Freq                     0x08003329   Thumb Code    22  stm32f4xx_hal_rcc.o(i.HAL_RCC_GetPCLK1Freq)
    HAL_RCC_GetSysClockFreq                  0x08003349   Thumb Code    94  stm32f4xx_hal_rcc.o(i.HAL_RCC_GetSysClockFreq)
    HAL_RCC_OscConfig                        0x080033b9   Thumb Code  1154  stm32f4xx_hal_rcc.o(i.HAL_RCC_OscConfig)
    HAL_SPI_Init                             0x0800383b   Thumb Code   190  stm32f4xx_hal_spi.o(i.HAL_SPI_Init)
    HAL_SPI_MspInit                          0x080038f9   Thumb Code   316  spi.o(i.HAL_SPI_MspInit)
    HAL_SPI_TransmitReceive                  0x08003a51   Thumb Code   504  stm32f4xx_hal_spi.o(i.HAL_SPI_TransmitReceive)
    HAL_SYSTICK_Config                       0x08003c49   Thumb Code    36  stm32f4xx_hal_cortex.o(i.HAL_SYSTICK_Config)
    HAL_TIMEx_BreakCallback                  0x08003c71   Thumb Code     2  stm32f4xx_hal_tim_ex.o(i.HAL_TIMEx_BreakCallback)
    HAL_TIMEx_CommutCallback                 0x08003c73   Thumb Code     2  stm32f4xx_hal_tim_ex.o(i.HAL_TIMEx_CommutCallback)
    HAL_TIMEx_MasterConfigSynchronization    0x08003c75   Thumb Code   154  stm32f4xx_hal_tim_ex.o(i.HAL_TIMEx_MasterConfigSynchronization)
    HAL_TIM_Base_Init                        0x08003d0f   Thumb Code    92  stm32f4xx_hal_tim.o(i.HAL_TIM_Base_Init)
    HAL_TIM_Base_MspInit                     0x08003d6d   Thumb Code   222  tim.o(i.HAL_TIM_Base_MspInit)
    HAL_TIM_Base_Start                       0x08003e61   Thumb Code   128  stm32f4xx_hal_tim.o(i.HAL_TIM_Base_Start)
    HAL_TIM_Base_Start_IT                    0x08003ee1   Thumb Code   138  stm32f4xx_hal_tim.o(i.HAL_TIM_Base_Start_IT)
    HAL_TIM_ConfigClockSource                0x08003f6b   Thumb Code   234  stm32f4xx_hal_tim.o(i.HAL_TIM_ConfigClockSource)
    HAL_TIM_IC_CaptureCallback               0x08004055   Thumb Code     2  stm32f4xx_hal_tim.o(i.HAL_TIM_IC_CaptureCallback)
    HAL_TIM_IRQHandler                       0x08004057   Thumb Code   372  stm32f4xx_hal_tim.o(i.HAL_TIM_IRQHandler)
    HAL_TIM_MspPostInit                      0x080041cd   Thumb Code   200  tim.o(i.HAL_TIM_MspPostInit)
    HAL_TIM_OC_DelayElapsedCallback          0x080042b1   Thumb Code     2  stm32f4xx_hal_tim.o(i.HAL_TIM_OC_DelayElapsedCallback)
    HAL_TIM_PWM_ConfigChannel                0x080042b3   Thumb Code   216  stm32f4xx_hal_tim.o(i.HAL_TIM_PWM_ConfigChannel)
    HAL_TIM_PWM_Init                         0x0800438b   Thumb Code    92  stm32f4xx_hal_tim.o(i.HAL_TIM_PWM_Init)
    HAL_TIM_PWM_MspInit                      0x080043e7   Thumb Code     2  stm32f4xx_hal_tim.o(i.HAL_TIM_PWM_MspInit)
    HAL_TIM_PWM_PulseFinishedCallback        0x080043e9   Thumb Code     2  stm32f4xx_hal_tim.o(i.HAL_TIM_PWM_PulseFinishedCallback)
    HAL_TIM_PWM_Start                        0x080043ed   Thumb Code   210  stm32f4xx_hal_tim.o(i.HAL_TIM_PWM_Start)
    HAL_TIM_PeriodElapsedCallback            0x080044c9   Thumb Code    60  protect.o(i.HAL_TIM_PeriodElapsedCallback)
    HAL_TIM_TriggerCallback                  0x08004515   Thumb Code     2  stm32f4xx_hal_tim.o(i.HAL_TIM_TriggerCallback)
    HardFault_Handler                        0x08004517   Thumb Code     4  stm32f4xx_it.o(i.HardFault_Handler)
    INS_Calcu                                0x08004a29   Thumb Code   398  ins_task.o(i.INS_Calcu)
    INS_INIT                                 0x08004bf9   Thumb Code   116  ins_task.o(i.INS_INIT)
    LADRC_FDW_init                           0x08004c99   Thumb Code    82  chassis_tast.o(i.LADRC_FDW_init)
    LPF                                      0x08004cf5   Thumb Code   102  lqr.o(i.LPF)
    LQR_calc                                 0x08004d5d   Thumb Code    78  lqr.o(i.LQR_calc)
    LQR_init                                 0x08004db1   Thumb Code    18  lqr.o(i.LQR_init)
    MX_CAN1_Init                             0x08004dc5   Thumb Code    58  can.o(i.MX_CAN1_Init)
    MX_CAN2_Init                             0x08004e09   Thumb Code    58  can.o(i.MX_CAN2_Init)
    MX_DMA_Init                              0x08004e4d   Thumb Code    68  dma.o(i.MX_DMA_Init)
    MX_GPIO_Init                             0x08004e95   Thumb Code   428  gpio.o(i.MX_GPIO_Init)
    MX_I2C3_Init                             0x08005055   Thumb Code    48  i2c.o(i.MX_I2C3_Init)
    MX_SPI1_Init                             0x08005091   Thumb Code    62  spi.o(i.MX_SPI1_Init)
    MX_TIM10_Init                            0x080050d9   Thumb Code   100  tim.o(i.MX_TIM10_Init)
    MX_TIM1_Init                             0x08005145   Thumb Code   108  tim.o(i.MX_TIM1_Init)
    MX_TIM5_Init                             0x080051b9   Thumb Code   186  tim.o(i.MX_TIM5_Init)
    MX_TIM8_Init                             0x0800527d   Thumb Code   102  tim.o(i.MX_TIM8_Init)
    MemManage_Handler                        0x080052ed   Thumb Code     4  stm32f4xx_it.o(i.MemManage_Handler)
    NMI_Handler                              0x080052f1   Thumb Code     4  stm32f4xx_it.o(i.NMI_Handler)
    PID_calc                                 0x080052f5   Thumb Code   492  pid.o(i.PID_calc)
    PID_init                                 0x080054e5   Thumb Code    92  pid.o(i.PID_init)
    PendSV_Handler                           0x08005545   Thumb Code     2  stm32f4xx_it.o(i.PendSV_Handler)
    SPI1_DMA_enable                          0x08005549   Thumb Code 10024  bsp_spi.o(i.SPI1_DMA_enable)
    SPI1_DMA_init                            0x08007c85   Thumb Code   360  bsp_spi.o(i.SPI1_DMA_init)
    SVC_Handler                              0x08007f41   Thumb Code     2  stm32f4xx_it.o(i.SVC_Handler)
    SysTick_Handler                          0x08007f43   Thumb Code     8  stm32f4xx_it.o(i.SysTick_Handler)
    SystemClock_Config                       0x08007f4d   Thumb Code   170  main.o(i.SystemClock_Config)
    SystemInit                               0x08008001   Thumb Code    82  system_stm32f4xx.o(i.SystemInit)
    TIM1_UP_TIM10_IRQHandler                 0x08008065   Thumb Code    16  stm32f4xx_it.o(i.TIM1_UP_TIM10_IRQHandler)
    TIM8_UP_TIM13_IRQHandler                 0x0800807d   Thumb Code    10  stm32f4xx_it.o(i.TIM8_UP_TIM13_IRQHandler)
    TIM_Base_SetConfig                       0x0800808d   Thumb Code   182  stm32f4xx_hal_tim.o(i.TIM_Base_SetConfig)
    TIM_CCxChannelCmd                        0x08008159   Thumb Code    30  stm32f4xx_hal_tim.o(i.TIM_CCxChannelCmd)
    TIM_ETR_SetConfig                        0x08008177   Thumb Code    22  stm32f4xx_hal_tim.o(i.TIM_ETR_SetConfig)
    TIM_OC2_SetConfig                        0x0800820d   Thumb Code   112  stm32f4xx_hal_tim.o(i.TIM_OC2_SetConfig)
    UsageFault_Handler                       0x0800839f   Thumb Code     4  stm32f4xx_it.o(i.UsageFault_Handler)
    __ARM_fpclassifyf                        0x080083a3   Thumb Code    38  fpclassifyf.o(i.__ARM_fpclassifyf)
    __hardfp_asinf                           0x080083c9   Thumb Code   258  asinf.o(i.__hardfp_asinf)
    __hardfp_atan2f                          0x080084f5   Thumb Code   594  atan2f.o(i.__hardfp_atan2f)
    __hardfp_fabs                            0x080087a1   Thumb Code    20  fabs.o(i.__hardfp_fabs)
    __hardfp_sqrtf                           0x080087b5   Thumb Code    58  sqrtf_full.o(i.__hardfp_sqrtf)
    __mathlib_flt_infnan                     0x080087ef   Thumb Code     6  funder.o(i.__mathlib_flt_infnan)
    __mathlib_flt_infnan2                    0x080087f5   Thumb Code     6  funder.o(i.__mathlib_flt_infnan2)
    __mathlib_flt_invalid                    0x080087fd   Thumb Code    10  funder.o(i.__mathlib_flt_invalid)
    __mathlib_flt_underflow                  0x0800880d   Thumb Code    10  funder.o(i.__mathlib_flt_underflow)
    bmi088_accel_init                        0x08008ce5   Thumb Code   302  bmi088driver.o(i.bmi088_accel_init)
    bmi088_accel_self_test                   0x08008e19   Thumb Code   760  bmi088driver.o(i.bmi088_accel_self_test)
    bmi088_gyro_init                         0x08009115   Thumb Code   238  bmi088driver.o(i.bmi088_gyro_init)
    bmi088_gyro_self_test                    0x08009209   Thumb Code   208  bmi088driver.o(i.bmi088_gyro_self_test)
    can_filter_init                          0x080092d9   Thumb Code    84  bsp_can.o(i.can_filter_init)
    chassis_feedback_update                  0x08009335   Thumb Code   732  chassis_tast.o(i.chassis_feedback_update)
    chassis_init                             0x08009659   Thumb Code   394  chassis_tast.o(i.chassis_init)
    chassis_mode_change_control_transit      0x08009849   Thumb Code    12  chassis_tast.o(i.chassis_mode_change_control_transit)
    chassis_protect                          0x08009855   Thumb Code    50  can_receive.o(i.chassis_protect)
    chassis_set_control                      0x0800988d   Thumb Code  1374  chassis_tast.o(i.chassis_set_control)
    chassis_task                             0x08009df9   Thumb Code    54  chassis_tast.o(i.chassis_task)
    delay_init                               0x08009e39   Thumb Code    32  bsp_delay.o(i.delay_init)
    delay_us                                 0x08009e69   Thumb Code    76  bsp_delay.o(i.delay_us)
    differentiator_speed                     0x08009eb9   Thumb Code   206  lqr.o(i.differentiator_speed)
    get_INS_accel_point                      0x08009f8d   Thumb Code     4  ins_task.o(i.get_INS_accel_point)
    get_INS_angle_point                      0x08009f95   Thumb Code     4  ins_task.o(i.get_INS_angle_point)
    get_INS_gyro_point                       0x08009f9d   Thumb Code     4  ins_task.o(i.get_INS_gyro_point)
    get_angle                                0x08009fa5   Thumb Code   232  ahrs.o(i.get_angle)
    get_gimbal_order_point                   0x0800a08d   Thumb Code     4  can_receive.o(i.get_gimbal_order_point)
    get_mf9025_chassis_motor_measure_point   0x0800a095   Thumb Code    14  can_receive.o(i.get_mf9025_chassis_motor_measure_point)
    imu_pwm_set                              0x0800a211   Thumb Code     8  bsp_imu_pwm.o(i.imu_pwm_set)
    ist8310_GPIO_init                        0x0800a2c1   Thumb Code     2  ist8310driver_middleware.o(i.ist8310_GPIO_init)
    ist8310_IIC_read_muli_reg                0x0800a2c5   Thumb Code    30  ist8310driver_middleware.o(i.ist8310_IIC_read_muli_reg)
    ist8310_IIC_read_single_reg              0x0800a2e9   Thumb Code    36  ist8310driver_middleware.o(i.ist8310_IIC_read_single_reg)
    ist8310_IIC_write_single_reg             0x0800a311   Thumb Code    34  ist8310driver_middleware.o(i.ist8310_IIC_write_single_reg)
    ist8310_RST_H                            0x0800a339   Thumb Code    14  ist8310driver_middleware.o(i.ist8310_RST_H)
    ist8310_RST_L                            0x0800a34d   Thumb Code    14  ist8310driver_middleware.o(i.ist8310_RST_L)
    ist8310_com_init                         0x0800a361   Thumb Code     2  ist8310driver_middleware.o(i.ist8310_com_init)
    ist8310_delay_ms                         0x0800a363   Thumb Code    12  ist8310driver_middleware.o(i.ist8310_delay_ms)
    ist8310_init                             0x0800a371   Thumb Code   142  ist8310driver.o(i.ist8310_init)
    ist8310_read_mag                         0x0800a405   Thumb Code   136  ist8310driver.o(i.ist8310_read_mag)
    main                                     0x0800a491   Thumb Code   142  main.o(i.main)
    pm01_access_poll                         0x0800a569   Thumb Code   496  pm01_api.o(i.pm01_access_poll)
    pm01_cmd_send                            0x0800a78d   Thumb Code    72  pm01_api.o(i.pm01_cmd_send)
    pm01_current_set                         0x0800a7d9   Thumb Code    72  pm01_api.o(i.pm01_current_set)
    pm01_power_set                           0x0800a825   Thumb Code    72  pm01_api.o(i.pm01_power_set)
    pm01_response_handle                     0x0800a871   Thumb Code   296  pm01_api.o(i.pm01_response_handle)
    pm01_voltage_set                         0x0800a9a5   Thumb Code    72  pm01_api.o(i.pm01_voltage_set)
    set_cali_slider_hook                     0x0800aa75   Thumb Code    46  chassis_tast.o(i.set_cali_slider_hook)
    sqrtf                                    0x0800aaa9   Thumb Code    62  sqrtf_full.o(i.sqrtf)
    update_can_flag                          0x0800aae9   Thumb Code     8  can_receive.o(i.update_can_flag)
    __aeabi_dneg                             0x0800ab6f   Thumb Code     0  basic.o(x$fpl$basic)
    _dneg                                    0x0800ab6f   Thumb Code     6  basic.o(x$fpl$basic)
    __aeabi_fneg                             0x0800ab75   Thumb Code     0  basic.o(x$fpl$basic)
    _fneg                                    0x0800ab75   Thumb Code     6  basic.o(x$fpl$basic)
    _dabs                                    0x0800ab7b   Thumb Code     6  basic.o(x$fpl$basic)
    _fabs                                    0x0800ab81   Thumb Code     6  basic.o(x$fpl$basic)
    __aeabi_d2f                              0x0800ab89   Thumb Code     0  d2f_clz.o(x$fpl$d2f)
    _d2f                                     0x0800ab89   Thumb Code   700  d2f_clz.o(x$fpl$d2f)
    __aeabi_dadd                             0x0800ae4d   Thumb Code     0  daddsub_clz.o(x$fpl$dadd)
    _dadd                                    0x0800ae4d   Thumb Code   580  daddsub_clz.o(x$fpl$dadd)
    __fpl_dcmp_Inf                           0x0800b099   Thumb Code    24  dcmpi.o(x$fpl$dcmpinf)
    __aeabi_cdcmpeq                          0x0800b0b1   Thumb Code     0  deqf.o(x$fpl$deqf)
    _dcmpeq                                  0x0800b0b1   Thumb Code   116  deqf.o(x$fpl$deqf)
    __aeabi_i2d                              0x0800b125   Thumb Code     0  dflt_clz.o(x$fpl$dflt)
    _dflt                                    0x0800b125   Thumb Code    46  dflt_clz.o(x$fpl$dflt)
    __dflt_normalise                         0x0800b153   Thumb Code    26  dflt_clz.o(x$fpl$dfltn)
    __aeabi_ui2d                             0x0800b16d   Thumb Code     0  dflt_clz.o(x$fpl$dfltu)
    _dfltu                                   0x0800b16d   Thumb Code    38  dflt_clz.o(x$fpl$dfltu)
    __aeabi_cdcmple                          0x0800b195   Thumb Code     0  dleqf.o(x$fpl$dleqf)
    _dcmple                                  0x0800b195   Thumb Code   120  dleqf.o(x$fpl$dleqf)
    __fpl_dcmple_InfNaN                      0x0800b1ed   Thumb Code     0  dleqf.o(x$fpl$dleqf)
    __aeabi_dmul                             0x0800b20d   Thumb Code     0  dmul_clz.o(x$fpl$dmul)
    _dmul                                    0x0800b20d   Thumb Code   440  dmul_clz.o(x$fpl$dmul)
    __fpl_dnaninf                            0x0800b3cd   Thumb Code   258  dnaninf.o(x$fpl$dnaninf)
    __fpl_drenorm2                           0x0800b4cf   Thumb Code   106  drenorm_clz.o(x$fpl$drenorm)
    __fpl_drenorm1                           0x0800b539   Thumb Code     6  drenorm_clz.o(x$fpl$drenorm)
    __fpl_dretinf                            0x0800b53f   Thumb Code    12  dretinf.o(x$fpl$dretinf)
    __aeabi_dsub                             0x0800b54d   Thumb Code     0  daddsub_clz.o(x$fpl$dsub)
    _dsub                                    0x0800b54d   Thumb Code   664  daddsub_clz.o(x$fpl$dsub)
    __dunder                                 0x0800b7e9   Thumb Code   314  dunder_clz.o(x$fpl$dunder)
    __dunder_d                               0x0800b923   Thumb Code    64  dunder_clz.o(x$fpl$dunder)
    __fpl_exception                          0x0800b965   Thumb Code   454  except.o(x$fpl$exception)
    __aeabi_f2d                              0x0800bb51   Thumb Code     0  f2d.o(x$fpl$f2d)
    _f2d                                     0x0800bb51   Thumb Code   122  f2d.o(x$fpl$f2d)
    __fpl_fnaninf                            0x0800bbcb   Thumb Code   242  fnaninf.o(x$fpl$fnaninf)
    _fp_init                                 0x0800bcbd   Thumb Code    10  fpinit.o(x$fpl$fpinit)
    __fplib_config_fpu_vfp                   0x0800bcc5   Thumb Code     0  fpinit.o(x$fpl$fpinit)
    __fplib_config_pureend_doubles           0x0800bcc5   Thumb Code     0  fpinit.o(x$fpl$fpinit)
    __fpl_fretinf                            0x0800bcc7   Thumb Code    10  fretinf.o(x$fpl$fretinf)
    __funder                                 0x0800bcd1   Thumb Code   254  funder_clz.o(x$fpl$funder)
    __funder_d                               0x0800bdcf   Thumb Code    62  funder_clz.o(x$fpl$funder)
    __fpl_return_NaN                         0x0800be0d   Thumb Code   178  retnan.o(x$fpl$retnan)
    _fp_trapveneer                           0x0800bebf   Thumb Code    36  trapv.o(x$fpl$trapveneer)
    __fpl_cmpreturn                          0x0800bee3   Thumb Code    90  trapv.o(x$fpl$trapveneer)
    AHBPrescTable                            0x0800bf3c   Data          16  system_stm32f4xx.o(.constdata)
    __I$use$fp                               0x0800bf3c   Number         0  usenofp.o(x$fpl$usenofp)
    APBPrescTable                            0x0800bf4c   Data           8  system_stm32f4xx.o(.constdata)
    SPEED_PID                                0x0800bf6c   Data          12  chassis_tast.o(.constdata)
    STOP_PID                                 0x0800bf78   Data          12  chassis_tast.o(.constdata)
    INIT_PID                                 0x0800bf84   Data          12  chassis_tast.o(.constdata)
    ANGULAR_SPEED_PID                        0x0800bf90   Data          12  chassis_tast.o(.constdata)
    standing_ring_LQR                        0x0800bf9c   Data           8  chassis_tast.o(.constdata)
    SliDER_SPEED_FEEDBACK                    0x0800bfa4   Data          12  chassis_tast.o(.constdata)
    ANGLE_SLIDER_CONTROL_PID                 0x0800bfb0   Data          12  chassis_tast.o(.constdata)
    SliDER_POSITION_FEEDBACK                 0x0800bfbc   Data          12  chassis_tast.o(.constdata)
    sinTable_f32                             0x0800bffc   Data        2052  arm_common_tables.o(.constdata)
    Region$$Table$$Base                      0x0800c800   Number         0  anon$$obj.o(Region$$Table)
    Region$$Table$$Limit                     0x0800c820   Number         0  anon$$obj.o(Region$$Table)
    SystemCoreClock                          0x20000004   Data           4  system_stm32f4xx.o(.data)
    gyro_dma_rx_buf                          0x20000010   Data           8  ins_task.o(.data)
    gyro_dma_tx_buf                          0x20000018   Data           8  ins_task.o(.data)
    accel_dma_tx_buf                         0x20000020   Data           9  ins_task.o(.data)
    accel_temp_dma_rx_buf                    0x20000029   Data           4  ins_task.o(.data)
    accel_temp_dma_tx_buf                    0x2000002d   Data           4  ins_task.o(.data)
    gyro_update_flag                         0x20000031   Data           1  ins_task.o(.data)
    accel_update_flag                        0x20000032   Data           1  ins_task.o(.data)
    accel_temp_update_flag                   0x20000033   Data           1  ins_task.o(.data)
    mag_update_flag                          0x20000034   Data           1  ins_task.o(.data)
    imu_start_dma_flag                       0x20000035   Data           1  ins_task.o(.data)
    data_ready_flag                          0x20000036   Data           1  ins_task.o(.data)
    current1                                 0x20000054   Data           4  chassis_tast.o(.data)
    current2                                 0x20000058   Data           4  chassis_tast.o(.data)
    L_speed_feedback2                        0x2000005c   Data           4  chassis_tast.o(.data)
    R_speed_feedback2                        0x20000060   Data           4  chassis_tast.o(.data)
    chassis_limit_power                      0x20000064   Data           2  pm01_api.o(.data)
    pm01_access_id                           0x20000066   Data           2  pm01_api.o(.data)
    pm01_response_flg                        0x20000068   Data           2  pm01_api.o(.data)
    g_cmd_set                                0x2000006a   Data           2  pm01_api.o(.data)
    g_power_set                              0x2000006c   Data           2  pm01_api.o(.data)
    g_vout_set                               0x2000006e   Data           2  pm01_api.o(.data)
    g_iout_set                               0x20000070   Data           2  pm01_api.o(.data)
    BMI088_ACCEL_SEN                         0x20000080   Data           4  bmi088driver.o(.data)
    BMI088_GYRO_SEN                          0x20000084   Data           4  bmi088driver.o(.data)
    uwTickFreq                               0x200000ac   Data           1  stm32f4xx_hal.o(.data)
    uwTickPrio                               0x200000b0   Data           4  stm32f4xx_hal.o(.data)
    uwTick                                   0x200000b4   Data           4  stm32f4xx_hal.o(.data)
    hcan1                                    0x200000c8   Data          40  can.o(.bss)
    hcan2                                    0x200000f0   Data          40  can.o(.bss)
    hi2c3                                    0x20000118   Data          84  i2c.o(.bss)
    hspi1                                    0x2000016c   Data          88  spi.o(.bss)
    hdma_spi1_rx                             0x200001c4   Data          96  spi.o(.bss)
    hdma_spi1_tx                             0x20000224   Data          96  spi.o(.bss)
    htim1                                    0x20000284   Data          72  tim.o(.bss)
    htim5                                    0x200002cc   Data          72  tim.o(.bss)
    htim8                                    0x20000314   Data          72  tim.o(.bss)
    htim10                                   0x2000035c   Data          72  tim.o(.bss)
    accel_dma_rx_buf                         0x200003c8   Data           9  ins_task.o(.bss)
    bmi088_real_data                         0x200003d4   Data          36  ins_task.o(.bss)
    ist8310_real_data                        0x200003f8   Data          16  ins_task.o(.bss)
    INS_quat                                 0x20000450   Data          16  ins_task.o(.bss)
    INS_angle                                0x20000460   Data          12  ins_task.o(.bss)
    chassis_move                             0x20000578   Data        1664  chassis_tast.o(.bss)
    pm01_od                                  0x20000bf8   Data          30  pm01_api.o(.bss)
    __libspace_start                         0x20000c18   Data          96  libspace.o(.bss)
    __temporary_stack_top$libspace           0x20000c78   Data           0  libspace.o(.bss)



==============================================================================

Memory Map of the image

  Image Entry point : 0x08000189

  Load Region LR_IROM1 (Base: 0x08000000, Size: 0x0000c8e8, Max: 0x00100000, ABSOLUTE)

    Execution Region ER_IROM1 (Exec base: 0x08000000, Load base: 0x08000000, Size: 0x0000c820, Max: 0x00100000, ABSOLUTE)

    Exec Addr    Load Addr    Size         Type   Attr      Idx    E Section Name        Object

    0x08000000   0x08000000   0x00000188   Data   RO            3    RESET               startup_stm32f407xx.o
    0x08000188   0x08000188   0x00000008   Code   RO         5709  * !!!main             c_w.l(__main.o)
    0x08000190   0x08000190   0x00000034   Code   RO         6025    !!!scatter          c_w.l(__scatter.o)
    0x080001c4   0x080001c4   0x0000001a   Code   RO         6027    !!handler_copy      c_w.l(__scatter_copy.o)
    0x080001de   0x080001de   0x00000002   PAD
    0x080001e0   0x080001e0   0x0000001c   Code   RO         6029    !!handler_zi        c_w.l(__scatter_zi.o)
    0x080001fc   0x080001fc   0x00000002   Code   RO         5896    .ARM.Collect$$libinit$$00000000  c_w.l(libinit.o)
    0x080001fe   0x080001fe   0x00000004   Code   RO         5905    .ARM.Collect$$libinit$$00000001  c_w.l(libinit2.o)
    0x08000202   0x08000202   0x00000000   Code   RO         5908    .ARM.Collect$$libinit$$00000004  c_w.l(libinit2.o)
    0x08000202   0x08000202   0x00000000   Code   RO         5911    .ARM.Collect$$libinit$$0000000A  c_w.l(libinit2.o)
    0x08000202   0x08000202   0x00000000   Code   RO         5913    .ARM.Collect$$libinit$$0000000C  c_w.l(libinit2.o)
    0x08000202   0x08000202   0x00000000   Code   RO         5915    .ARM.Collect$$libinit$$0000000E  c_w.l(libinit2.o)
    0x08000202   0x08000202   0x00000000   Code   RO         5918    .ARM.Collect$$libinit$$00000011  c_w.l(libinit2.o)
    0x08000202   0x08000202   0x00000000   Code   RO         5920    .ARM.Collect$$libinit$$00000013  c_w.l(libinit2.o)
    0x08000202   0x08000202   0x00000000   Code   RO         5922    .ARM.Collect$$libinit$$00000015  c_w.l(libinit2.o)
    0x08000202   0x08000202   0x00000000   Code   RO         5924    .ARM.Collect$$libinit$$00000017  c_w.l(libinit2.o)
    0x08000202   0x08000202   0x00000000   Code   RO         5926    .ARM.Collect$$libinit$$00000019  c_w.l(libinit2.o)
    0x08000202   0x08000202   0x00000000   Code   RO         5928    .ARM.Collect$$libinit$$0000001B  c_w.l(libinit2.o)
    0x08000202   0x08000202   0x00000000   Code   RO         5930    .ARM.Collect$$libinit$$0000001D  c_w.l(libinit2.o)
    0x08000202   0x08000202   0x00000000   Code   RO         5932    .ARM.Collect$$libinit$$0000001F  c_w.l(libinit2.o)
    0x08000202   0x08000202   0x00000000   Code   RO         5934    .ARM.Collect$$libinit$$00000021  c_w.l(libinit2.o)
    0x08000202   0x08000202   0x00000000   Code   RO         5936    .ARM.Collect$$libinit$$00000023  c_w.l(libinit2.o)
    0x08000202   0x08000202   0x00000000   Code   RO         5938    .ARM.Collect$$libinit$$00000025  c_w.l(libinit2.o)
    0x08000202   0x08000202   0x00000000   Code   RO         5942    .ARM.Collect$$libinit$$0000002C  c_w.l(libinit2.o)
    0x08000202   0x08000202   0x00000000   Code   RO         5944    .ARM.Collect$$libinit$$0000002E  c_w.l(libinit2.o)
    0x08000202   0x08000202   0x00000000   Code   RO         5946    .ARM.Collect$$libinit$$00000030  c_w.l(libinit2.o)
    0x08000202   0x08000202   0x00000000   Code   RO         5948    .ARM.Collect$$libinit$$00000032  c_w.l(libinit2.o)
    0x08000202   0x08000202   0x00000002   Code   RO         5949    .ARM.Collect$$libinit$$00000033  c_w.l(libinit2.o)
    0x08000204   0x08000204   0x00000002   Code   RO         5980    .ARM.Collect$$libshutdown$$00000000  c_w.l(libshutdown.o)
    0x08000206   0x08000206   0x00000000   Code   RO         6006    .ARM.Collect$$libshutdown$$00000002  c_w.l(libshutdown2.o)
    0x08000206   0x08000206   0x00000000   Code   RO         6008    .ARM.Collect$$libshutdown$$00000004  c_w.l(libshutdown2.o)
    0x08000206   0x08000206   0x00000000   Code   RO         6010    .ARM.Collect$$libshutdown$$00000006  c_w.l(libshutdown2.o)
    0x08000206   0x08000206   0x00000000   Code   RO         6013    .ARM.Collect$$libshutdown$$00000009  c_w.l(libshutdown2.o)
    0x08000206   0x08000206   0x00000000   Code   RO         6016    .ARM.Collect$$libshutdown$$0000000C  c_w.l(libshutdown2.o)
    0x08000206   0x08000206   0x00000000   Code   RO         6018    .ARM.Collect$$libshutdown$$0000000E  c_w.l(libshutdown2.o)
    0x08000206   0x08000206   0x00000000   Code   RO         6021    .ARM.Collect$$libshutdown$$00000011  c_w.l(libshutdown2.o)
    0x08000206   0x08000206   0x00000002   Code   RO         6022    .ARM.Collect$$libshutdown$$00000012  c_w.l(libshutdown2.o)
    0x08000208   0x08000208   0x00000000   Code   RO         5807    .ARM.Collect$$rtentry$$00000000  c_w.l(__rtentry.o)
    0x08000208   0x08000208   0x00000000   Code   RO         5855    .ARM.Collect$$rtentry$$00000002  c_w.l(__rtentry2.o)
    0x08000208   0x08000208   0x00000006   Code   RO         5867    .ARM.Collect$$rtentry$$00000004  c_w.l(__rtentry4.o)
    0x0800020e   0x0800020e   0x00000000   Code   RO         5857    .ARM.Collect$$rtentry$$00000009  c_w.l(__rtentry2.o)
    0x0800020e   0x0800020e   0x00000004   Code   RO         5858    .ARM.Collect$$rtentry$$0000000A  c_w.l(__rtentry2.o)
    0x08000212   0x08000212   0x00000000   Code   RO         5860    .ARM.Collect$$rtentry$$0000000C  c_w.l(__rtentry2.o)
    0x08000212   0x08000212   0x00000008   Code   RO         5861    .ARM.Collect$$rtentry$$0000000D  c_w.l(__rtentry2.o)
    0x0800021a   0x0800021a   0x00000002   Code   RO         5897    .ARM.Collect$$rtexit$$00000000  c_w.l(rtexit.o)
    0x0800021c   0x0800021c   0x00000000   Code   RO         5953    .ARM.Collect$$rtexit$$00000002  c_w.l(rtexit2.o)
    0x0800021c   0x0800021c   0x00000004   Code   RO         5954    .ARM.Collect$$rtexit$$00000003  c_w.l(rtexit2.o)
    0x08000220   0x08000220   0x00000006   Code   RO         5955    .ARM.Collect$$rtexit$$00000004  c_w.l(rtexit2.o)
    0x08000226   0x08000226   0x00000002   PAD
    0x08000228   0x08000228   0x00000040   Code   RO            4    .text               startup_stm32f407xx.o
    0x08000268   0x08000268   0x00000078   Code   RO         5545    .text               arm_cortexM4lf_math.lib(arm_cos_f32.o)
    0x080002e0   0x080002e0   0x00000074   Code   RO         5598    .text               arm_cortexM4lf_math.lib(arm_sin_f32.o)
    0x08000354   0x08000354   0x000000ee   Code   RO         5703    .text               c_w.l(lludivv7m.o)
    0x08000442   0x08000442   0x0000004e   Code   RO         5705    .text               c_w.l(rt_memclr_w.o)
    0x08000490   0x08000490   0x00000006   Code   RO         5707    .text               c_w.l(heapauxi.o)
    0x08000496   0x08000496   0x00000016   Code   RO         5812    .text               c_w.l(_rserrno.o)
    0x080004ac   0x080004ac   0x00000008   Code   RO         5874    .text               c_w.l(rt_errno_addr_intlibspace.o)
    0x080004b4   0x080004b4   0x00000030   Code   RO         5876    .text               c_w.l(_fptrap.o)
    0x080004e4   0x080004e4   0x00000008   Code   RO         5880    .text               c_w.l(libspace.o)
    0x080004ec   0x080004ec   0x0000004a   Code   RO         5883    .text               c_w.l(sys_stackheap_outer.o)
    0x08000536   0x08000536   0x00000012   Code   RO         5885    .text               c_w.l(exit.o)
    0x08000548   0x08000548   0x0000000e   Code   RO         5887    .text               c_w.l(defsig_fpe_outer.o)
    0x08000556   0x08000556   0x0000000a   Code   RO         5901    .text               c_w.l(defsig_exit.o)
    0x08000560   0x08000560   0x000000ac   Code   RO         5903    .text               c_w.l(defsig_fpe_inner.o)
    0x0800060c   0x0800060c   0x0000000c   Code   RO         5950    .text               c_w.l(sys_exit.o)
    0x08000618   0x08000618   0x00000032   Code   RO         5961    .text               c_w.l(defsig_general.o)
    0x0800064a   0x0800064a   0x0000000e   Code   RO         5967    .text               c_w.l(sys_wrch.o)
    0x08000658   0x08000658   0x00000002   Code   RO         5969    .text               c_w.l(use_no_semi.o)
    0x0800065a   0x0800065a   0x00000000   Code   RO         5971    .text               c_w.l(indicate_semi.o)
    0x0800065a   0x0800065a   0x00000018   Code   RO         1715    i.AHRS_asinf        ahrs_middleware.o
    0x08000672   0x08000672   0x00000020   Code   RO         1716    i.AHRS_atan2f       ahrs_middleware.o
    0x08000692   0x08000692   0x00000018   Code   RO         1717    i.AHRS_cosf         ahrs_middleware.o
    0x080006aa   0x080006aa   0x0000001a   Code   RO         5455    i.AHRS_fabs         AHRS.lib(ahrs.o)
    0x080006c4   0x080006c4   0x00000010   Code   RO         1718    i.AHRS_get_height   ahrs_middleware.o
    0x080006d4   0x080006d4   0x0000000c   Code   RO         1719    i.AHRS_get_latitude  ahrs_middleware.o
    0x080006e0   0x080006e0   0x0000029c   Code   RO         5456    i.AHRS_init         AHRS.lib(ahrs.o)
    0x0800097c   0x0800097c   0x00000024   Code   RO         1720    i.AHRS_invSqrt      ahrs_middleware.o
    0x080009a0   0x080009a0   0x00000018   Code   RO         1721    i.AHRS_sinf         ahrs_middleware.o
    0x080009b8   0x080009b8   0x0000013a   Code   RO         5457    i.AHRS_update       AHRS.lib(ahrs.o)
    0x08000af2   0x08000af2   0x00000002   PAD
    0x08000af4   0x08000af4   0x00000014   Code   RO         2069    i.BMI088_ACCEL_NS_H  bmi088middleware.o
    0x08000b08   0x08000b08   0x00000014   Code   RO         2070    i.BMI088_ACCEL_NS_L  bmi088middleware.o
    0x08000b1c   0x08000b1c   0x00000002   Code   RO         2071    i.BMI088_GPIO_init  bmi088middleware.o
    0x08000b1e   0x08000b1e   0x00000002   PAD
    0x08000b20   0x08000b20   0x00000014   Code   RO         2072    i.BMI088_GYRO_NS_H  bmi088middleware.o
    0x08000b34   0x08000b34   0x00000014   Code   RO         2073    i.BMI088_GYRO_NS_L  bmi088middleware.o
    0x08000b48   0x08000b48   0x00000090   Code   RO         1933    i.BMI088_accel_read_over  bmi088driver.o
    0x08000bd8   0x08000bd8   0x00000002   Code   RO         2074    i.BMI088_com_init   bmi088middleware.o
    0x08000bda   0x08000bda   0x0000000c   Code   RO         2075    i.BMI088_delay_ms   bmi088middleware.o
    0x08000be6   0x08000be6   0x0000000c   Code   RO         2076    i.BMI088_delay_us   bmi088middleware.o
    0x08000bf2   0x08000bf2   0x00000002   PAD
    0x08000bf4   0x08000bf4   0x00000068   Code   RO         1934    i.BMI088_gyro_read_over  bmi088driver.o
    0x08000c5c   0x08000c5c   0x00000034   Code   RO         1935    i.BMI088_init       bmi088driver.o
    0x08000c90   0x08000c90   0x0000017c   Code   RO         1936    i.BMI088_read       bmi088driver.o
    0x08000e0c   0x08000e0c   0x00000026   Code   RO         1939    i.BMI088_read_muli_reg  bmi088driver.o
    0x08000e32   0x08000e32   0x00000018   Code   RO         1940    i.BMI088_read_single_reg  bmi088driver.o
    0x08000e4a   0x08000e4a   0x00000002   PAD
    0x08000e4c   0x08000e4c   0x00000020   Code   RO         2077    i.BMI088_read_write_byte  bmi088middleware.o
    0x08000e6c   0x08000e6c   0x00000034   Code   RO         1941    i.BMI088_temperature_read_over  bmi088driver.o
    0x08000ea0   0x08000ea0   0x00000014   Code   RO         1942    i.BMI088_write_single_reg  bmi088driver.o
    0x08000eb4   0x08000eb4   0x00000004   Code   RO          537    i.BusFault_Handler  stm32f4xx_it.o
    0x08000eb8   0x08000eb8   0x00000010   Code   RO          538    i.CAN1_RX0_IRQHandler  stm32f4xx_it.o
    0x08000ec8   0x08000ec8   0x00000010   Code   RO          539    i.CAN2_RX0_IRQHandler  stm32f4xx_it.o
    0x08000ed8   0x08000ed8   0x0000004c   Code   RO         1159    i.CAN_mp9025_cmd_chassis_Torque_control_1  can_receive.o
    0x08000f24   0x08000f24   0x00000044   Code   RO         1163    i.CAN_mp9025_read_motor_error  can_receive.o
    0x08000f68   0x08000f68   0x00000044   Code   RO         1164    i.CAN_mp9025_read_motor_error1  can_receive.o
    0x08000fac   0x08000fac   0x00000080   Code   RO         1425    i.Chassis_motor_current_limiting  chassis_tast.o
    0x0800102c   0x0800102c   0x00000898   Code   RO          978    i.DMA2_Stream2_IRQHandler  ins_task.o
    0x080018c4   0x080018c4   0x00000034   Code   RO         2994    i.DMA_CalcBaseAndBitshift  stm32f4xx_hal_dma.o
    0x080018f8   0x080018f8   0x0000007e   Code   RO         2995    i.DMA_CheckFifoParam  stm32f4xx_hal_dma.o
    0x08001976   0x08001976   0x00000002   Code   RO          540    i.DebugMon_Handler  stm32f4xx_it.o
    0x08001978   0x08001978   0x0000000a   Code   RO          541    i.EXTI0_IRQHandler  stm32f4xx_it.o
    0x08001982   0x08001982   0x0000000a   Code   RO          542    i.EXTI3_IRQHandler  stm32f4xx_it.o
    0x0800198c   0x0800198c   0x0000000a   Code   RO          543    i.EXTI4_IRQHandler  stm32f4xx_it.o
    0x08001996   0x08001996   0x0000000a   Code   RO          544    i.EXTI9_5_IRQHandler  stm32f4xx_it.o
    0x080019a0   0x080019a0   0x00000006   Code   RO           13    i.Error_Handler     main.o
    0x080019a6   0x080019a6   0x00000024   Code   RO         2257    i.HAL_CAN_ActivateNotification  stm32f4xx_hal_can.o
    0x080019ca   0x080019ca   0x00000104   Code   RO         2258    i.HAL_CAN_AddTxMessage  stm32f4xx_hal_can.o
    0x08001ace   0x08001ace   0x00000002   PAD
    0x08001ad0   0x08001ad0   0x00000128   Code   RO         2259    i.HAL_CAN_ConfigFilter  stm32f4xx_hal_can.o
    0x08001bf8   0x08001bf8   0x00000002   Code   RO         2262    i.HAL_CAN_ErrorCallback  stm32f4xx_hal_can.o
    0x08001bfa   0x08001bfa   0x0000016c   Code   RO         2265    i.HAL_CAN_GetRxMessage  stm32f4xx_hal_can.o
    0x08001d66   0x08001d66   0x00000234   Code   RO         2269    i.HAL_CAN_IRQHandler  stm32f4xx_hal_can.o
    0x08001f9a   0x08001f9a   0x00000168   Code   RO         2270    i.HAL_CAN_Init      stm32f4xx_hal_can.o
    0x08002102   0x08002102   0x00000002   PAD
    0x08002104   0x08002104   0x00000160   Code   RO          339    i.HAL_CAN_MspInit   can.o
    0x08002264   0x08002264   0x00000002   Code   RO         2277    i.HAL_CAN_RxFifo0FullCallback  stm32f4xx_hal_can.o
    0x08002266   0x08002266   0x00000002   PAD
    0x08002268   0x08002268   0x0000025c   Code   RO         1167    i.HAL_CAN_RxFifo0MsgPendingCallback  can_receive.o
    0x080024c4   0x080024c4   0x00000002   Code   RO         2279    i.HAL_CAN_RxFifo1FullCallback  stm32f4xx_hal_can.o
    0x080024c6   0x080024c6   0x00000002   Code   RO         2280    i.HAL_CAN_RxFifo1MsgPendingCallback  stm32f4xx_hal_can.o
    0x080024c8   0x080024c8   0x00000002   Code   RO         2281    i.HAL_CAN_SleepCallback  stm32f4xx_hal_can.o
    0x080024ca   0x080024ca   0x00000064   Code   RO         2282    i.HAL_CAN_Start     stm32f4xx_hal_can.o
    0x0800252e   0x0800252e   0x00000002   Code   RO         2284    i.HAL_CAN_TxMailbox0AbortCallback  stm32f4xx_hal_can.o
    0x08002530   0x08002530   0x00000002   Code   RO         2285    i.HAL_CAN_TxMailbox0CompleteCallback  stm32f4xx_hal_can.o
    0x08002532   0x08002532   0x00000002   Code   RO         2286    i.HAL_CAN_TxMailbox1AbortCallback  stm32f4xx_hal_can.o
    0x08002534   0x08002534   0x00000002   Code   RO         2287    i.HAL_CAN_TxMailbox1CompleteCallback  stm32f4xx_hal_can.o
    0x08002536   0x08002536   0x00000002   Code   RO         2288    i.HAL_CAN_TxMailbox2AbortCallback  stm32f4xx_hal_can.o
    0x08002538   0x08002538   0x00000002   Code   RO         2289    i.HAL_CAN_TxMailbox2CompleteCallback  stm32f4xx_hal_can.o
    0x0800253a   0x0800253a   0x00000002   Code   RO         2291    i.HAL_CAN_WakeUpFromRxMsgCallback  stm32f4xx_hal_can.o
    0x0800253c   0x0800253c   0x000000ec   Code   RO         3003    i.HAL_DMA_Init      stm32f4xx_hal_dma.o
    0x08002628   0x08002628   0x00000028   Code   RO         3411    i.HAL_Delay         stm32f4xx_hal.o
    0x08002650   0x08002650   0x000000a8   Code   RO          979    i.HAL_GPIO_EXTI_Callback  ins_task.o
    0x080026f8   0x080026f8   0x00000018   Code   RO         2889    i.HAL_GPIO_EXTI_IRQHandler  stm32f4xx_hal_gpio.o
    0x08002710   0x08002710   0x00000230   Code   RO         2890    i.HAL_GPIO_Init     stm32f4xx_hal_gpio.o
    0x08002940   0x08002940   0x0000000e   Code   RO         2894    i.HAL_GPIO_WritePin  stm32f4xx_hal_gpio.o
    0x0800294e   0x0800294e   0x00000002   PAD
    0x08002950   0x08002950   0x0000000c   Code   RO         3417    i.HAL_GetTick       stm32f4xx_hal.o
    0x0800295c   0x0800295c   0x000001ac   Code   RO         3673    i.HAL_I2C_Init      stm32f4xx_hal_i2c.o
    0x08002b08   0x08002b08   0x000002c0   Code   RO         3691    i.HAL_I2C_Mem_Read  stm32f4xx_hal_i2c.o
    0x08002dc8   0x08002dc8   0x00000174   Code   RO         3694    i.HAL_I2C_Mem_Write  stm32f4xx_hal_i2c.o
    0x08002f3c   0x08002f3c   0x000000c8   Code   RO          388    i.HAL_I2C_MspInit   i2c.o
    0x08003004   0x08003004   0x00000010   Code   RO         3423    i.HAL_IncTick       stm32f4xx_hal.o
    0x08003014   0x08003014   0x00000034   Code   RO         3424    i.HAL_Init          stm32f4xx_hal.o
    0x08003048   0x08003048   0x00000044   Code   RO         3425    i.HAL_InitTick      stm32f4xx_hal.o
    0x0800308c   0x0800308c   0x00000048   Code   RO          661    i.HAL_MspInit       stm32f4xx_hal_msp.o
    0x080030d4   0x080030d4   0x0000001c   Code   RO         3279    i.HAL_NVIC_EnableIRQ  stm32f4xx_hal_cortex.o
    0x080030f0   0x080030f0   0x00000068   Code   RO         3285    i.HAL_NVIC_SetPriority  stm32f4xx_hal_cortex.o
    0x08003158   0x08003158   0x00000024   Code   RO         3286    i.HAL_NVIC_SetPriorityGrouping  stm32f4xx_hal_cortex.o
    0x0800317c   0x0800317c   0x00000024   Code   RO         3287    i.HAL_NVIC_SystemReset  stm32f4xx_hal_cortex.o
    0x080031a0   0x080031a0   0x0000017c   Code   RO         2491    i.HAL_RCC_ClockConfig  stm32f4xx_hal_rcc.o
    0x0800331c   0x0800331c   0x0000000c   Code   RO         2496    i.HAL_RCC_GetHCLKFreq  stm32f4xx_hal_rcc.o
    0x08003328   0x08003328   0x00000020   Code   RO         2498    i.HAL_RCC_GetPCLK1Freq  stm32f4xx_hal_rcc.o
    0x08003348   0x08003348   0x00000070   Code   RO         2500    i.HAL_RCC_GetSysClockFreq  stm32f4xx_hal_rcc.o
    0x080033b8   0x080033b8   0x00000482   Code   RO         2503    i.HAL_RCC_OscConfig  stm32f4xx_hal_rcc.o
    0x0800383a   0x0800383a   0x000000be   Code   RO         4163    i.HAL_SPI_Init      stm32f4xx_hal_spi.o
    0x080038f8   0x080038f8   0x00000158   Code   RO          430    i.HAL_SPI_MspInit   spi.o
    0x08003a50   0x08003a50   0x000001f8   Code   RO         4172    i.HAL_SPI_TransmitReceive  stm32f4xx_hal_spi.o
    0x08003c48   0x08003c48   0x00000028   Code   RO         3290    i.HAL_SYSTICK_Config  stm32f4xx_hal_cortex.o
    0x08003c70   0x08003c70   0x00000002   Code   RO         5191    i.HAL_TIMEx_BreakCallback  stm32f4xx_hal_tim_ex.o
    0x08003c72   0x08003c72   0x00000002   Code   RO         5192    i.HAL_TIMEx_CommutCallback  stm32f4xx_hal_tim_ex.o
    0x08003c74   0x08003c74   0x0000009a   Code   RO         5210    i.HAL_TIMEx_MasterConfigSynchronization  stm32f4xx_hal_tim_ex.o
    0x08003d0e   0x08003d0e   0x0000005c   Code   RO         4476    i.HAL_TIM_Base_Init  stm32f4xx_hal_tim.o
    0x08003d6a   0x08003d6a   0x00000002   PAD
    0x08003d6c   0x08003d6c   0x000000f4   Code   RO          472    i.HAL_TIM_Base_MspInit  tim.o
    0x08003e60   0x08003e60   0x00000080   Code   RO         4479    i.HAL_TIM_Base_Start  stm32f4xx_hal_tim.o
    0x08003ee0   0x08003ee0   0x0000008a   Code   RO         4481    i.HAL_TIM_Base_Start_IT  stm32f4xx_hal_tim.o
    0x08003f6a   0x08003f6a   0x000000ea   Code   RO         4485    i.HAL_TIM_ConfigClockSource  stm32f4xx_hal_tim.o
    0x08004054   0x08004054   0x00000002   Code   RO         4510    i.HAL_TIM_IC_CaptureCallback  stm32f4xx_hal_tim.o
    0x08004056   0x08004056   0x00000174   Code   RO         4524    i.HAL_TIM_IRQHandler  stm32f4xx_hal_tim.o
    0x080041ca   0x080041ca   0x00000002   PAD
    0x080041cc   0x080041cc   0x000000e4   Code   RO          473    i.HAL_TIM_MspPostInit  tim.o
    0x080042b0   0x080042b0   0x00000002   Code   RO         4527    i.HAL_TIM_OC_DelayElapsedCallback  stm32f4xx_hal_tim.o
    0x080042b2   0x080042b2   0x000000d8   Code   RO         4548    i.HAL_TIM_PWM_ConfigChannel  stm32f4xx_hal_tim.o
    0x0800438a   0x0800438a   0x0000005c   Code   RO         4551    i.HAL_TIM_PWM_Init  stm32f4xx_hal_tim.o
    0x080043e6   0x080043e6   0x00000002   Code   RO         4553    i.HAL_TIM_PWM_MspInit  stm32f4xx_hal_tim.o
    0x080043e8   0x080043e8   0x00000002   Code   RO         4554    i.HAL_TIM_PWM_PulseFinishedCallback  stm32f4xx_hal_tim.o
    0x080043ea   0x080043ea   0x00000002   PAD
    0x080043ec   0x080043ec   0x000000dc   Code   RO         4556    i.HAL_TIM_PWM_Start  stm32f4xx_hal_tim.o
    0x080044c8   0x080044c8   0x0000004c   Code   RO         1383    i.HAL_TIM_PeriodElapsedCallback  protect.o
    0x08004514   0x08004514   0x00000002   Code   RO         4567    i.HAL_TIM_TriggerCallback  stm32f4xx_hal_tim.o
    0x08004516   0x08004516   0x00000004   Code   RO          545    i.HardFault_Handler  stm32f4xx_it.o
    0x0800451a   0x0800451a   0x00000032   Code   RO         3716    i.I2C_IsAcknowledgeFailed  stm32f4xx_hal_i2c.o
    0x0800454c   0x0800454c   0x00000154   Code   RO         3727    i.I2C_RequestMemoryRead  stm32f4xx_hal_i2c.o
    0x080046a0   0x080046a0   0x000000d0   Code   RO         3728    i.I2C_RequestMemoryWrite  stm32f4xx_hal_i2c.o
    0x08004770   0x08004770   0x0000005c   Code   RO         3736    i.I2C_WaitOnBTFFlagUntilTimeout  stm32f4xx_hal_i2c.o
    0x080047cc   0x080047cc   0x000000b4   Code   RO         3737    i.I2C_WaitOnFlagUntilTimeout  stm32f4xx_hal_i2c.o
    0x08004880   0x08004880   0x000000ce   Code   RO         3738    i.I2C_WaitOnMasterAddressFlagUntilTimeout  stm32f4xx_hal_i2c.o
    0x0800494e   0x0800494e   0x0000007c   Code   RO         3739    i.I2C_WaitOnRXNEFlagUntilTimeout  stm32f4xx_hal_i2c.o
    0x080049ca   0x080049ca   0x0000005c   Code   RO         3742    i.I2C_WaitOnTXEFlagUntilTimeout  stm32f4xx_hal_i2c.o
    0x08004a26   0x08004a26   0x00000002   PAD
    0x08004a28   0x08004a28   0x000001d0   Code   RO          980    i.INS_Calcu         ins_task.o
    0x08004bf8   0x08004bf8   0x000000a0   Code   RO          981    i.INS_INIT          ins_task.o
    0x08004c98   0x08004c98   0x0000005c   Code   RO         1427    i.LADRC_FDW_init    chassis_tast.o
    0x08004cf4   0x08004cf4   0x00000066   Code   RO         1900    i.LPF               lqr.o
    0x08004d5a   0x08004d5a   0x00000002   PAD
    0x08004d5c   0x08004d5c   0x00000054   Code   RO         1901    i.LQR_calc          lqr.o
    0x08004db0   0x08004db0   0x00000012   Code   RO         1902    i.LQR_init          lqr.o
    0x08004dc2   0x08004dc2   0x00000002   PAD
    0x08004dc4   0x08004dc4   0x00000044   Code   RO          340    i.MX_CAN1_Init      can.o
    0x08004e08   0x08004e08   0x00000044   Code   RO          341    i.MX_CAN2_Init      can.o
    0x08004e4c   0x08004e4c   0x00000048   Code   RO          832    i.MX_DMA_Init       dma.o
    0x08004e94   0x08004e94   0x000001c0   Code   RO          212    i.MX_GPIO_Init      gpio.o
    0x08005054   0x08005054   0x0000003c   Code   RO          389    i.MX_I2C3_Init      i2c.o
    0x08005090   0x08005090   0x00000048   Code   RO          431    i.MX_SPI1_Init      spi.o
    0x080050d8   0x080050d8   0x0000006c   Code   RO          474    i.MX_TIM10_Init     tim.o
    0x08005144   0x08005144   0x00000074   Code   RO          475    i.MX_TIM1_Init      tim.o
    0x080051b8   0x080051b8   0x000000c4   Code   RO          476    i.MX_TIM5_Init      tim.o
    0x0800527c   0x0800527c   0x00000070   Code   RO          477    i.MX_TIM8_Init      tim.o
    0x080052ec   0x080052ec   0x00000004   Code   RO          546    i.MemManage_Handler  stm32f4xx_it.o
    0x080052f0   0x080052f0   0x00000004   Code   RO          547    i.NMI_Handler       stm32f4xx_it.o
    0x080052f4   0x080052f4   0x000001f0   Code   RO         1864    i.PID_calc          pid.o
    0x080054e4   0x080054e4   0x00000060   Code   RO         1866    i.PID_init          pid.o
    0x08005544   0x08005544   0x00000002   Code   RO          548    i.PendSV_Handler    stm32f4xx_it.o
    0x08005546   0x08005546   0x00000002   PAD
    0x08005548   0x08005548   0x0000273c   Code   RO          944    i.SPI1_DMA_enable   bsp_spi.o
    0x08007c84   0x08007c84   0x00000180   Code   RO          945    i.SPI1_DMA_init     bsp_spi.o
    0x08007e04   0x08007e04   0x00000064   Code   RO         4201    i.SPI_EndRxTxTransaction  stm32f4xx_hal_spi.o
    0x08007e68   0x08007e68   0x000000d8   Code   RO         4206    i.SPI_WaitFlagStateUntilTimeout  stm32f4xx_hal_spi.o
    0x08007f40   0x08007f40   0x00000002   Code   RO          549    i.SVC_Handler       stm32f4xx_it.o
    0x08007f42   0x08007f42   0x00000008   Code   RO          550    i.SysTick_Handler   stm32f4xx_it.o
    0x08007f4a   0x08007f4a   0x00000002   PAD
    0x08007f4c   0x08007f4c   0x000000b4   Code   RO           14    i.SystemClock_Config  main.o
    0x08008000   0x08008000   0x00000064   Code   RO          686    i.SystemInit        system_stm32f4xx.o
    0x08008064   0x08008064   0x00000018   Code   RO          551    i.TIM1_UP_TIM10_IRQHandler  stm32f4xx_it.o
    0x0800807c   0x0800807c   0x00000010   Code   RO          552    i.TIM8_UP_TIM13_IRQHandler  stm32f4xx_it.o
    0x0800808c   0x0800808c   0x000000cc   Code   RO         4569    i.TIM_Base_SetConfig  stm32f4xx_hal_tim.o
    0x08008158   0x08008158   0x0000001e   Code   RO         4570    i.TIM_CCxChannelCmd  stm32f4xx_hal_tim.o
    0x08008176   0x08008176   0x00000016   Code   RO         4580    i.TIM_ETR_SetConfig  stm32f4xx_hal_tim.o
    0x0800818c   0x0800818c   0x00000010   Code   RO         4581    i.TIM_ITRx_SetConfig  stm32f4xx_hal_tim.o
    0x0800819c   0x0800819c   0x00000070   Code   RO         4582    i.TIM_OC1_SetConfig  stm32f4xx_hal_tim.o
    0x0800820c   0x0800820c   0x00000078   Code   RO         4583    i.TIM_OC2_SetConfig  stm32f4xx_hal_tim.o
    0x08008284   0x08008284   0x00000078   Code   RO         4584    i.TIM_OC3_SetConfig  stm32f4xx_hal_tim.o
    0x080082fc   0x080082fc   0x00000058   Code   RO         4585    i.TIM_OC4_SetConfig  stm32f4xx_hal_tim.o
    0x08008354   0x08008354   0x00000026   Code   RO         4587    i.TIM_TI1_ConfigInputStage  stm32f4xx_hal_tim.o
    0x0800837a   0x0800837a   0x00000024   Code   RO         4589    i.TIM_TI2_ConfigInputStage  stm32f4xx_hal_tim.o
    0x0800839e   0x0800839e   0x00000004   Code   RO          553    i.UsageFault_Handler  stm32f4xx_it.o
    0x080083a2   0x080083a2   0x00000026   Code   RO         5835    i.__ARM_fpclassifyf  m_wm.l(fpclassifyf.o)
    0x080083c8   0x080083c8   0x0000012c   Code   RO         5747    i.__hardfp_asinf    m_wm.l(asinf.o)
    0x080084f4   0x080084f4   0x000002ac   Code   RO         5759    i.__hardfp_atan2f   m_wm.l(atan2f.o)
    0x080087a0   0x080087a0   0x00000014   Code   RO         5771    i.__hardfp_fabs     m_wm.l(fabs.o)
    0x080087b4   0x080087b4   0x0000003a   Code   RO         5795    i.__hardfp_sqrtf    m_wm.l(sqrtf_full.o)
    0x080087ee   0x080087ee   0x00000006   Code   RO         5838    i.__mathlib_flt_infnan  m_wm.l(funder.o)
    0x080087f4   0x080087f4   0x00000006   Code   RO         5839    i.__mathlib_flt_infnan2  m_wm.l(funder.o)
    0x080087fa   0x080087fa   0x00000002   PAD
    0x080087fc   0x080087fc   0x00000010   Code   RO         5840    i.__mathlib_flt_invalid  m_wm.l(funder.o)
    0x0800880c   0x0800880c   0x00000010   Code   RO         5843    i.__mathlib_flt_underflow  m_wm.l(funder.o)
    0x0800881c   0x0800881c   0x000001d0   Code   RO         5458    i.accel_comple_filter  AHRS.lib(ahrs.o)
    0x080089ec   0x080089ec   0x0000018c   Code   RO         5459    i.accel_update_kp_ki  AHRS.lib(ahrs.o)
    0x08008b78   0x08008b78   0x0000016c   Code   RO         5460    i.angle_to_quat     AHRS.lib(ahrs.o)
    0x08008ce4   0x08008ce4   0x00000134   Code   RO         1943    i.bmi088_accel_init  bmi088driver.o
    0x08008e18   0x08008e18   0x000002fc   Code   RO         1944    i.bmi088_accel_self_test  bmi088driver.o
    0x08009114   0x08009114   0x000000f4   Code   RO         1945    i.bmi088_gyro_init  bmi088driver.o
    0x08009208   0x08009208   0x000000d0   Code   RO         1946    i.bmi088_gyro_self_test  bmi088driver.o
    0x080092d8   0x080092d8   0x0000005c   Code   RO          916    i.can_filter_init   bsp_can.o
    0x08009334   0x08009334   0x00000324   Code   RO         1428    i.chassis_feedback_update  chassis_tast.o
    0x08009658   0x08009658   0x000001f0   Code   RO         1429    i.chassis_init      chassis_tast.o
    0x08009848   0x08009848   0x0000000c   Code   RO         1430    i.chassis_mode_change_control_transit  chassis_tast.o
    0x08009854   0x08009854   0x00000038   Code   RO         1168    i.chassis_protect   can_receive.o
    0x0800988c   0x0800988c   0x0000056c   Code   RO         1431    i.chassis_set_control  chassis_tast.o
    0x08009df8   0x08009df8   0x00000040   Code   RO         1432    i.chassis_task      chassis_tast.o
    0x08009e38   0x08009e38   0x00000030   Code   RO          722    i.delay_init        bsp_delay.o
    0x08009e68   0x08009e68   0x00000050   Code   RO          724    i.delay_us          bsp_delay.o
    0x08009eb8   0x08009eb8   0x000000d4   Code   RO         1903    i.differentiator_speed  lqr.o
    0x08009f8c   0x08009f8c   0x00000008   Code   RO          982    i.get_INS_accel_point  ins_task.o
    0x08009f94   0x08009f94   0x00000008   Code   RO          983    i.get_INS_angle_point  ins_task.o
    0x08009f9c   0x08009f9c   0x00000008   Code   RO          984    i.get_INS_gyro_point  ins_task.o
    0x08009fa4   0x08009fa4   0x000000e8   Code   RO         5461    i.get_angle         AHRS.lib(ahrs.o)
    0x0800a08c   0x0800a08c   0x00000008   Code   RO         1170    i.get_gimbal_order_point  can_receive.o
    0x0800a094   0x0800a094   0x00000014   Code   RO         1171    i.get_mf9025_chassis_motor_measure_point  can_receive.o
    0x0800a0a8   0x0800a0a8   0x00000168   Code   RO          985    i.imu_cmd_spi_dma   ins_task.o
    0x0800a210   0x0800a210   0x0000000c   Code   RO          859    i.imu_pwm_set       bsp_imu_pwm.o
    0x0800a21c   0x0800a21c   0x000000a4   Code   RO          986    i.imu_temp_control  ins_task.o
    0x0800a2c0   0x0800a2c0   0x00000002   Code   RO         2177    i.ist8310_GPIO_init  ist8310driver_middleware.o
    0x0800a2c2   0x0800a2c2   0x00000002   PAD
    0x0800a2c4   0x0800a2c4   0x00000024   Code   RO         2178    i.ist8310_IIC_read_muli_reg  ist8310driver_middleware.o
    0x0800a2e8   0x0800a2e8   0x00000028   Code   RO         2179    i.ist8310_IIC_read_single_reg  ist8310driver_middleware.o
    0x0800a310   0x0800a310   0x00000028   Code   RO         2181    i.ist8310_IIC_write_single_reg  ist8310driver_middleware.o
    0x0800a338   0x0800a338   0x00000014   Code   RO         2182    i.ist8310_RST_H     ist8310driver_middleware.o
    0x0800a34c   0x0800a34c   0x00000014   Code   RO         2183    i.ist8310_RST_L     ist8310driver_middleware.o
    0x0800a360   0x0800a360   0x00000002   Code   RO         2184    i.ist8310_com_init  ist8310driver_middleware.o
    0x0800a362   0x0800a362   0x0000000c   Code   RO         2185    i.ist8310_delay_ms  ist8310driver_middleware.o
    0x0800a36e   0x0800a36e   0x00000002   PAD
    0x0800a370   0x0800a370   0x00000094   Code   RO         2142    i.ist8310_init      ist8310driver.o
    0x0800a404   0x0800a404   0x0000008c   Code   RO         2143    i.ist8310_read_mag  ist8310driver.o
    0x0800a490   0x0800a490   0x000000a4   Code   RO           15    i.main              main.o
    0x0800a534   0x0800a534   0x00000034   Code   RO         1434    i.motor_ecd_to_angle_change  chassis_tast.o
    0x0800a568   0x0800a568   0x00000224   Code   RO         1529    i.pm01_access_poll  pm01_api.o
    0x0800a78c   0x0800a78c   0x0000004c   Code   RO         1530    i.pm01_cmd_send     pm01_api.o
    0x0800a7d8   0x0800a7d8   0x0000004c   Code   RO         1531    i.pm01_current_set  pm01_api.o
    0x0800a824   0x0800a824   0x0000004c   Code   RO         1532    i.pm01_power_set    pm01_api.o
    0x0800a870   0x0800a870   0x00000134   Code   RO         1533    i.pm01_response_handle  pm01_api.o
    0x0800a9a4   0x0800a9a4   0x0000004c   Code   RO         1534    i.pm01_voltage_set  pm01_api.o
    0x0800a9f0   0x0800a9f0   0x00000084   Code   RO         5466    i.quat_normalization  AHRS.lib(ahrs.o)
    0x0800aa74   0x0800aa74   0x00000034   Code   RO         1435    i.set_cali_slider_hook  chassis_tast.o
    0x0800aaa8   0x0800aaa8   0x0000003e   Code   RO         5797    i.sqrtf             m_wm.l(sqrtf_full.o)
    0x0800aae6   0x0800aae6   0x00000002   PAD
    0x0800aae8   0x0800aae8   0x0000000c   Code   RO         1172    i.update_can_flag   can_receive.o
    0x0800aaf4   0x0800aaf4   0x0000007a   Code   RO         5467    i.update_w          AHRS.lib(ahrs.o)
    0x0800ab6e   0x0800ab6e   0x00000018   Code   RO         5711    x$fpl$basic         g_wm.l(basic.o)
    0x0800ab86   0x0800ab86   0x00000002   PAD
    0x0800ab88   0x0800ab88   0x000002c4   Code   RO         5713    x$fpl$d2f           g_wm.l(d2f_clz.o)
    0x0800ae4c   0x0800ae4c   0x0000024c   Code   RO         5715    x$fpl$dadd          g_wm.l(daddsub_clz.o)
    0x0800b098   0x0800b098   0x00000018   Code   RO         5814    x$fpl$dcmpinf       g_wm.l(dcmpi.o)
    0x0800b0b0   0x0800b0b0   0x00000074   Code   RO         5721    x$fpl$deqf          g_wm.l(deqf.o)
    0x0800b124   0x0800b124   0x0000002e   Code   RO         5724    x$fpl$dflt          g_wm.l(dflt_clz.o)
    0x0800b152   0x0800b152   0x0000001a   Code   RO         5725    x$fpl$dfltn         g_wm.l(dflt_clz.o)
    0x0800b16c   0x0800b16c   0x00000026   Code   RO         5723    x$fpl$dfltu         g_wm.l(dflt_clz.o)
    0x0800b192   0x0800b192   0x00000002   PAD
    0x0800b194   0x0800b194   0x00000078   Code   RO         5729    x$fpl$dleqf         g_wm.l(dleqf.o)
    0x0800b20c   0x0800b20c   0x000001c0   Code   RO         5731    x$fpl$dmul          g_wm.l(dmul_clz.o)
    0x0800b3cc   0x0800b3cc   0x00000102   Code   RO         5816    x$fpl$dnaninf       g_wm.l(dnaninf.o)
    0x0800b4ce   0x0800b4ce   0x00000070   Code   RO         5818    x$fpl$drenorm       g_wm.l(drenorm_clz.o)
    0x0800b53e   0x0800b53e   0x0000000c   Code   RO         5820    x$fpl$dretinf       g_wm.l(dretinf.o)
    0x0800b54a   0x0800b54a   0x00000002   PAD
    0x0800b54c   0x0800b54c   0x0000029c   Code   RO         5717    x$fpl$dsub          g_wm.l(daddsub_clz.o)
    0x0800b7e8   0x0800b7e8   0x0000017a   Code   RO         5822    x$fpl$dunder        g_wm.l(dunder_clz.o)
    0x0800b962   0x0800b962   0x00000002   PAD
    0x0800b964   0x0800b964   0x000001ec   Code   RO         5824    x$fpl$exception     g_wm.l(except.o)
    0x0800bb50   0x0800bb50   0x0000007a   Code   RO         5733    x$fpl$f2d           g_wm.l(f2d.o)
    0x0800bbca   0x0800bbca   0x000000f2   Code   RO         5826    x$fpl$fnaninf       g_wm.l(fnaninf.o)
    0x0800bcbc   0x0800bcbc   0x0000000a   Code   RO         5965    x$fpl$fpinit        g_wm.l(fpinit.o)
    0x0800bcc6   0x0800bcc6   0x0000000a   Code   RO         5828    x$fpl$fretinf       g_wm.l(fretinf.o)
    0x0800bcd0   0x0800bcd0   0x0000013c   Code   RO         5830    x$fpl$funder        g_wm.l(funder_clz.o)
    0x0800be0c   0x0800be0c   0x000000b2   Code   RO         5878    x$fpl$retnan        g_wm.l(retnan.o)
    0x0800bebe   0x0800bebe   0x0000007e   Code   RO         5832    x$fpl$trapveneer    g_wm.l(trapv.o)
    0x0800bf3c   0x0800bf3c   0x00000000   Code   RO         5834    x$fpl$usenofp       g_wm.l(usenofp.o)
    0x0800bf3c   0x0800bf3c   0x00000018   Data   RO          687    .constdata          system_stm32f4xx.o
    0x0800bf54   0x0800bf54   0x00000018   Data   RO          988    .constdata          ins_task.o
    0x0800bf6c   0x0800bf6c   0x0000005c   Data   RO         1437    .constdata          chassis_tast.o
    0x0800bfc8   0x0800bfc8   0x00000012   Data   RO         1951    .constdata          bmi088driver.o
    0x0800bfda   0x0800bfda   0x0000000c   Data   RO         2145    .constdata          ist8310driver.o
    0x0800bfe6   0x0800bfe6   0x00000008   Data   RO         3009    .constdata          stm32f4xx_hal_dma.o
    0x0800bfee   0x0800bfee   0x00000002   PAD
    0x0800bff0   0x0800bff0   0x0000000c   Data   RO         5468    .constdata          AHRS.lib(ahrs.o)
    0x0800bffc   0x0800bffc   0x00000804   Data   RO         5678    .constdata          arm_cortexM4lf_math.lib(arm_common_tables.o)
    0x0800c800   0x0800c800   0x00000020   Data   RO         6023    Region$$Table       anon$$obj.o


    Execution Region RW_IRAM1 (Exec base: 0x20000000, Load base: 0x0800c820, Size: 0x00004c78, Max: 0x00020000, ABSOLUTE)

    Exec Addr    Load Addr    Size         Type   Attr      Idx    E Section Name        Object

    0x20000000   0x0800c820   0x00000004   Data   RW          343    .data               can.o
    0x20000004   0x0800c824   0x00000004   Data   RW          688    .data               system_stm32f4xx.o
    0x20000008   0x0800c828   0x00000008   Data   RW          725    .data               bsp_delay.o
    0x20000010   0x0800c830   0x00000029   Data   RW          989    .data               ins_task.o
    0x20000039   0x0800c859   0x00000019   Data   RW         1174    .data               can_receive.o
    0x20000052   0x0800c872   0x00000001   Data   RW         1384    .data               protect.o
    0x20000053   0x0800c873   0x00000001   PAD
    0x20000054   0x0800c874   0x00000010   Data   RW         1438    .data               chassis_tast.o
    0x20000064   0x0800c884   0x0000001c   Data   RW         1536    .data               pm01_api.o
    0x20000080   0x0800c8a0   0x0000002c   Data   RW         1952    .data               bmi088driver.o
    0x200000ac   0x0800c8cc   0x0000000c   Data   RW         3431    .data               stm32f4xx_hal.o
    0x200000b8   0x0800c8d8   0x00000010   Data   RW         5469    .data               AHRS.lib(ahrs.o)
    0x200000c8        -       0x00000050   Zero   RW          342    .bss                can.o
    0x20000118        -       0x00000054   Zero   RW          390    .bss                i2c.o
    0x2000016c        -       0x00000118   Zero   RW          432    .bss                spi.o
    0x20000284        -       0x00000120   Zero   RW          478    .bss                tim.o
    0x200003a4        -       0x000000c8   Zero   RW          987    .bss                ins_task.o
    0x2000046c        -       0x00000108   Zero   RW         1173    .bss                can_receive.o
    0x20000574   0x0800c8e8   0x00000004   PAD
    0x20000578        -       0x00000680   Zero   RW         1436    .bss                chassis_tast.o
    0x20000bf8        -       0x0000001e   Zero   RW         1535    .bss                pm01_api.o
    0x20000c16   0x0800c8e8   0x00000002   PAD
    0x20000c18        -       0x00000060   Zero   RW         5881    .bss                c_w.l(libspace.o)
    0x20000c78        -       0x00002000   Zero   RW            2    HEAP                startup_stm32f407xx.o
    0x20002c78        -       0x00002000   Zero   RW            1    STACK               startup_stm32f407xx.o


==============================================================================

Image component sizes


      Code (inc. data)   RO Data    RW Data    ZI Data      Debug   Object Name

       168          4          0          0          0       5828   ahrs_middleware.o
      2338         40         18         44          0      11171   bmi088driver.o
       140         28          0          0          0       5204   bmi088middleware.o
        92          8          0          0          0        630   bsp_can.o
       128         20          0          8          0     593484   bsp_delay.o
        12          4          0          0          0        542   bsp_imu_pwm.o
     10428        170          0          0          0       5742   bsp_spi.o
       488         44          0          4         80       2602   can.o
       912         96          0         25        264     624121   can_receive.o
      3088        280         92         16       1664      12290   chassis_tast.o
        72          4          0          0          0        834   dma.o
       448         20          0          0          0     703199   gpio.o
       260         30          0          0         84       1857   i2c.o
      3540        276         24         41        200     591862   ins_task.o
       288         10         12          0          0       2870   ist8310driver.o
       172         28          0          0          0       5515   ist8310driver_middleware.o
       416         12          0          0          0       3279   lqr.o
       350         32          0          0          0     643820   main.o
       592          8          0          0          0       2658   pid.o
      1160        104          0         28         30       7040   pm01_api.o
        76         16          0          1          0       2396   protect.o
       416         38          0          0        280       2067   spi.o
        64         26        392          0      16384        880   startup_stm32f407xx.o
       188         30          0         12          0       9749   stm32f4xx_hal.o
      2004          6          0          0          0      15835   stm32f4xx_hal_can.o
       244         26          0          0          0      34534   stm32f4xx_hal_cortex.o
       414         14          8          0          0       3247   stm32f4xx_hal_dma.o
       598         28          0          0          0       3163   stm32f4xx_hal_gpio.o
      2796         48          0          0          0      14150   stm32f4xx_hal_i2c.o
        72          4          0          0          0        914   stm32f4xx_hal_msp.o
      1690         94          0          0          0       6193   stm32f4xx_hal_rcc.o
      1010         14          0          0          0       5049   stm32f4xx_hal_spi.o
      2288         56          0          0          0      18621   stm32f4xx_hal_tim.o
       158          0          0          0          0       2733   stm32f4xx_hal_tim_ex.o
       146         26          0          0          0       8778   stm32f4xx_it.o
       100         18         24          4          0       1283   system_stm32f4xx.o
      1004         86          0          0        288       4909   tim.o

    ----------------------------------------------------------------------
     38394       1748        604        184      19280    3359049   Object Totals
         0          0         32          0          0          0   (incl. Generated)
        34          0          2          1          6          0   (incl. Padding)

    ----------------------------------------------------------------------

      Code (inc. data)   RO Data    RW Data    ZI Data      Debug   Library Member Name

      2718         84         12         16          0       9922   ahrs.o
         0          0       2052          0          0       4636   arm_common_tables.o
       120         12          0          0          0      16970   arm_cos_f32.o
       116         12          0          0          0        658   arm_sin_f32.o
         8          0          0          0          0         68   __main.o
         0          0          0          0          0          0   __rtentry.o
        12          0          0          0          0          0   __rtentry2.o
         6          0          0          0          0          0   __rtentry4.o
        52          8          0          0          0          0   __scatter.o
        26          0          0          0          0          0   __scatter_copy.o
        28          0          0          0          0          0   __scatter_zi.o
        48          4          0          0          0         84   _fptrap.o
        22          0          0          0          0        100   _rserrno.o
        10          0          0          0          0         68   defsig_exit.o
       172        110          0          0          0         76   defsig_fpe_inner.o
        14          0          0          0          0         80   defsig_fpe_outer.o
        50          0          0          0          0         88   defsig_general.o
        18          0          0          0          0         80   exit.o
         6          0          0          0          0        152   heapauxi.o
         0          0          0          0          0          0   indicate_semi.o
         2          0          0          0          0          0   libinit.o
         6          0          0          0          0          0   libinit2.o
         2          0          0          0          0          0   libshutdown.o
         2          0          0          0          0          0   libshutdown2.o
         8          4          0          0         96         68   libspace.o
       238          0          0          0          0        100   lludivv7m.o
         8          4          0          0          0         68   rt_errno_addr_intlibspace.o
        78          0          0          0          0         80   rt_memclr_w.o
         2          0          0          0          0          0   rtexit.o
        10          0          0          0          0          0   rtexit2.o
        12          4          0          0          0         68   sys_exit.o
        74          0          0          0          0         80   sys_stackheap_outer.o
        14          0          0          0          0         76   sys_wrch.o
         2          0          0          0          0         68   use_no_semi.o
        24          0          0          0          0        164   basic.o
       708         16          0          0          0        140   d2f_clz.o
      1256         28          0          0          0        408   daddsub_clz.o
        24          0          0          0          0        116   dcmpi.o
       116          8          0          0          0        140   deqf.o
       110          0          0          0          0        348   dflt_clz.o
       120          8          0          0          0        140   dleqf.o
       448         16          0          0          0        164   dmul_clz.o
       258          4          0          0          0        156   dnaninf.o
       112          0          0          0          0        160   drenorm_clz.o
        12          0          0          0          0        116   dretinf.o
       378          0          0          0          0        168   dunder_clz.o
       492         36          0          0          0        148   except.o
       122          8          0          0          0        132   f2d.o
       242          4          0          0          0        144   fnaninf.o
        10          0          0          0          0        116   fpinit.o
        10          0          0          0          0        116   fretinf.o
       316          0          0          0          0        132   funder_clz.o
       178          0          0          0          0        116   retnan.o
       126          0          0          0          0        148   trapv.o
         0          0          0          0          0          0   usenofp.o
       300         42          0          0          0        176   asinf.o
       684         90          0          0          0        208   atan2f.o
        20          0          0          0          0        124   fabs.o
        38          0          0          0          0        116   fpclassifyf.o
        44         12          0          0          0        464   funder.o
       120          0          0          0          0        272   sqrtf_full.o

    ----------------------------------------------------------------------
     10170        514       2064         16         96      38222   Library Totals
        18          0          0          0          0          0   (incl. Padding)

    ----------------------------------------------------------------------

      Code (inc. data)   RO Data    RW Data    ZI Data      Debug   Library Name

      2718         84         12         16          0       9922   AHRS.lib
       236         24       2052          0          0      22264   arm_cortexM4lf_math.lib
       930        134          0          0         96       1404   c_w.l
      5062        128          0          0          0       3272   g_wm.l
      1206        144          0          0          0       1360   m_wm.l

    ----------------------------------------------------------------------
     10170        514       2064         16         96      38222   Library Totals

    ----------------------------------------------------------------------

==============================================================================


      Code (inc. data)   RO Data    RW Data    ZI Data      Debug   

     48564       2262       2668        200      19376    3373795   Grand Totals
     48564       2262       2668        200      19376    3373795   ELF Image Totals
     48564       2262       2668        200          0          0   ROM Totals

==============================================================================

    Total RO  Size (Code + RO Data)                51232 (  50.03kB)
    Total RW  Size (RW Data + ZI Data)             19576 (  19.12kB)
    Total ROM Size (Code + RO Data + RW Data)      51432 (  50.23kB)

==============================================================================

